Component: ARM Compiler 5.06 update 6 (build 750) Tool: armlink [4d35ed]

==============================================================================

Section Cross References

    startup_stm32h743xx.o(STACK) refers (Special) to heapauxi.o(.text) for __use_two_region_memory
    startup_stm32h743xx.o(HEAP) refers (Special) to heapauxi.o(.text) for __use_two_region_memory
    startup_stm32h743xx.o(RESET) refers (Special) to heapauxi.o(.text) for __use_two_region_memory
    startup_stm32h743xx.o(RESET) refers to startup_stm32h743xx.o(STACK) for __initial_sp
    startup_stm32h743xx.o(RESET) refers to startup_stm32h743xx.o(.text) for Reset_Handler
    startup_stm32h743xx.o(RESET) refers to stm32h7xx_it.o(i.NMI_Handler) for NMI_Handler
    startup_stm32h743xx.o(RESET) refers to stm32h7xx_it.o(i.HardFault_Handler) for HardFault_Handler
    startup_stm32h743xx.o(RESET) refers to stm32h7xx_it.o(i.MemManage_Handler) for MemManage_Handler
    startup_stm32h743xx.o(RESET) refers to stm32h7xx_it.o(i.BusFault_Handler) for BusFault_Handler
    startup_stm32h743xx.o(RESET) refers to stm32h7xx_it.o(i.UsageFault_Handler) for UsageFault_Handler
    startup_stm32h743xx.o(RESET) refers to stm32h7xx_it.o(i.SVC_Handler) for SVC_Handler
    startup_stm32h743xx.o(RESET) refers to stm32h7xx_it.o(i.DebugMon_Handler) for DebugMon_Handler
    startup_stm32h743xx.o(RESET) refers to stm32h7xx_it.o(i.PendSV_Handler) for PendSV_Handler
    startup_stm32h743xx.o(RESET) refers to stm32h7xx_it.o(i.SysTick_Handler) for SysTick_Handler
    startup_stm32h743xx.o(RESET) refers to key_bsp.o(i.EXTI0_IRQHandler) for EXTI0_IRQHandler
    startup_stm32h743xx.o(RESET) refers to key_bsp.o(i.EXTI2_IRQHandler) for EXTI2_IRQHandler
    startup_stm32h743xx.o(RESET) refers to key_bsp.o(i.EXTI3_IRQHandler) for EXTI3_IRQHandler
    startup_stm32h743xx.o(RESET) refers to pwm.o(i.TIM1_UP_IRQHandler) for TIM1_UP_IRQHandler
    startup_stm32h743xx.o(RESET) refers to encoder.o(i.TIM4_IRQHandler) for TIM4_IRQHandler
    startup_stm32h743xx.o(RESET) refers to usart_bsp.o(i.USART3_IRQHandler) for USART3_IRQHandler
    startup_stm32h743xx.o(RESET) refers to key_bsp.o(i.EXTI15_10_IRQHandler) for EXTI15_10_IRQHandler
    startup_stm32h743xx.o(RESET) refers to pmsm_sys_ctrl.o(i.TIM6_DAC_IRQHandler) for TIM6_DAC_IRQHandler
    startup_stm32h743xx.o(RESET) refers to dma.o(i.DMA2_Stream0_IRQHandler) for DMA2_Stream0_IRQHandler
    startup_stm32h743xx.o(RESET) refers to adc.o(i.ADC3_IRQHandler) for ADC3_IRQHandler
    startup_stm32h743xx.o(.text) refers (Special) to heapauxi.o(.text) for __use_two_region_memory
    startup_stm32h743xx.o(.text) refers to system_stm32h7xx.o(i.SystemInit) for SystemInit
    startup_stm32h743xx.o(.text) refers to __main.o(!!!main) for __main
    startup_stm32h743xx.o(.text) refers to startup_stm32h743xx.o(HEAP) for Heap_Mem
    startup_stm32h743xx.o(.text) refers to startup_stm32h743xx.o(STACK) for Stack_Mem
    system_stm32h7xx.o(i.SystemCoreClockUpdate) refers to system_stm32h7xx.o(.data) for SystemCoreClock
    system_stm32h7xx.o(i.SystemCoreClockUpdate) refers to system_stm32h7xx.o(.constdata) for D1CorePrescTable
    stm32h7xx_hal.o(i.HAL_DeInit) refers to stm32h7xx_hal.o(i.HAL_MspDeInit) for HAL_MspDeInit
    stm32h7xx_hal.o(i.HAL_Delay) refers to stm32h7xx_hal.o(i.HAL_GetTick) for HAL_GetTick
    stm32h7xx_hal.o(i.HAL_Delay) refers to stm32h7xx_hal.o(.data) for uwTickFreq
    stm32h7xx_hal.o(i.HAL_GetTick) refers to stm32h7xx_hal.o(.data) for uwTick
    stm32h7xx_hal.o(i.HAL_GetTickFreq) refers to stm32h7xx_hal.o(.data) for uwTickFreq
    stm32h7xx_hal.o(i.HAL_GetTickPrio) refers to stm32h7xx_hal.o(.data) for uwTickPrio
    stm32h7xx_hal.o(i.HAL_IncTick) refers to stm32h7xx_hal.o(.data) for uwTick
    stm32h7xx_hal.o(i.HAL_Init) refers to stm32h7xx_hal_cortex.o(i.HAL_NVIC_SetPriorityGrouping) for HAL_NVIC_SetPriorityGrouping
    stm32h7xx_hal.o(i.HAL_Init) refers to stm32h7xx_hal_rcc.o(i.HAL_RCC_GetSysClockFreq) for HAL_RCC_GetSysClockFreq
    stm32h7xx_hal.o(i.HAL_Init) refers to stm32h7xx_hal.o(i.HAL_InitTick) for HAL_InitTick
    stm32h7xx_hal.o(i.HAL_Init) refers to stm32h7xx_hal.o(i.HAL_MspInit) for HAL_MspInit
    stm32h7xx_hal.o(i.HAL_Init) refers to system_stm32h7xx.o(.constdata) for D1CorePrescTable
    stm32h7xx_hal.o(i.HAL_Init) refers to system_stm32h7xx.o(.data) for SystemCoreClock
    stm32h7xx_hal.o(i.HAL_InitTick) refers to stm32h7xx_hal_cortex.o(i.HAL_SYSTICK_Config) for HAL_SYSTICK_Config
    stm32h7xx_hal.o(i.HAL_InitTick) refers to stm32h7xx_hal_cortex.o(i.HAL_NVIC_SetPriority) for HAL_NVIC_SetPriority
    stm32h7xx_hal.o(i.HAL_InitTick) refers to stm32h7xx_hal.o(.data) for uwTickFreq
    stm32h7xx_hal.o(i.HAL_InitTick) refers to system_stm32h7xx.o(.data) for SystemCoreClock
    stm32h7xx_hal.o(i.HAL_SYSCFG_EnableVREFBUF) refers to stm32h7xx_hal.o(i.HAL_GetTick) for HAL_GetTick
    stm32h7xx_hal.o(i.HAL_SetTickFreq) refers to stm32h7xx_hal.o(i.HAL_InitTick) for HAL_InitTick
[...]
    __rt_lib_init_lc_time_1                  0x08000333   Thumb Code     0  libinit2.o(.ARM.Collect$$libinit$$00000019)
    __rt_lib_init_return                     0x08000333   Thumb Code     0  libinit2.o(.ARM.Collect$$libinit$$00000033)
    __rt_lib_init_signal_1                   0x08000333   Thumb Code     0  libinit2.o(.ARM.Collect$$libinit$$0000001D)
    __rt_lib_init_stdio_1                    0x08000333   Thumb Code     0  libinit2.o(.ARM.Collect$$libinit$$00000025)
    __rt_lib_shutdown                        0x08000335   Thumb Code     0  libshutdown.o(.ARM.Collect$$libshutdown$$00000000)
    __rt_lib_shutdown_cpp_1                  0x08000337   Thumb Code     0  libshutdown2.o(.ARM.Collect$$libshutdown$$00000002)
    __rt_lib_shutdown_fp_trap_1              0x08000337   Thumb Code     0  libshutdown2.o(.ARM.Collect$$libshutdown$$00000007)
    __rt_lib_shutdown_heap_1                 0x08000337   Thumb Code     0  libshutdown2.o(.ARM.Collect$$libshutdown$$0000000F)
    __rt_lib_shutdown_return                 0x08000337   Thumb Code     0  libshutdown2.o(.ARM.Collect$$libshutdown$$00000010)
    __rt_lib_shutdown_signal_1               0x08000337   Thumb Code     0  libshutdown2.o(.ARM.Collect$$libshutdown$$0000000A)
    __rt_lib_shutdown_stdio_1                0x08000337   Thumb Code     0  libshutdown2.o(.ARM.Collect$$libshutdown$$00000004)
    __rt_lib_shutdown_user_alloc_1           0x08000337   Thumb Code     0  libshutdown2.o(.ARM.Collect$$libshutdown$$0000000C)
    __rt_entry                               0x08000339   Thumb Code     0  __rtentry.o(.ARM.Collect$$rtentry$$00000000)
    __rt_entry_presh_1                       0x08000339   Thumb Code     0  __rtentry2.o(.ARM.Collect$$rtentry$$00000002)
    __rt_entry_sh                            0x08000339   Thumb Code     0  __rtentry4.o(.ARM.Collect$$rtentry$$00000004)
    __rt_entry_li                            0x0800033f   Thumb Code     0  __rtentry2.o(.ARM.Collect$$rtentry$$0000000A)
    __rt_entry_postsh_1                      0x0800033f   Thumb Code     0  __rtentry2.o(.ARM.Collect$$rtentry$$00000009)
    __rt_entry_main                          0x08000343   Thumb Code     0  __rtentry2.o(.ARM.Collect$$rtentry$$0000000D)
    __rt_entry_postli_1                      0x08000343   Thumb Code     0  __rtentry2.o(.ARM.Collect$$rtentry$$0000000C)
    __rt_exit                                0x0800034b   Thumb Code     0  rtexit.o(.ARM.Collect$$rtexit$$00000000)
    __rt_exit_ls                             0x0800034d   Thumb Code     0  rtexit2.o(.ARM.Collect$$rtexit$$00000003)
    __rt_exit_prels_1                        0x0800034d   Thumb Code     0  rtexit2.o(.ARM.Collect$$rtexit$$00000002)
    __rt_exit_exit                           0x08000351   Thumb Code     0  rtexit2.o(.ARM.Collect$$rtexit$$00000004)
    Reset_Handler                            0x08000359   Thumb Code     8  startup_stm32h743xx.o(.text)
    ADC_IRQHandler                           0x08000373   Thumb Code     0  startup_stm32h743xx.o(.text)
    BDMA_Channel0_IRQHandler                 0x08000373   Thumb Code     0  startup_stm32h743xx.o(.text)
    BDMA_Channel1_IRQHandler                 0x08000373   Thumb Code     0  startup_stm32h743xx.o(.text)
    BDMA_Channel2_IRQHandler                 0x08000373   Thumb Code     0  startup_stm32h743xx.o(.text)
    BDMA_Channel3_IRQHandler                 0x08000373   Thumb Code     0  startup_stm32h743xx.o(.text)
    BDMA_Channel4_IRQHandler                 0x08000373   Thumb Code     0  startup_stm32h743xx.o(.text)
    BDMA_Channel5_IRQHandler                 0x08000373   Thumb Code     0  startup_stm32h743xx.o(.text)
    BDMA_Channel6_IRQHandler                 0x08000373   Thumb Code     0  startup_stm32h743xx.o(.text)
    BDMA_Channel7_IRQHandler                 0x08000373   Thumb Code     0  startup_stm32h743xx.o(.text)
    CEC_IRQHandler                           0x08000373   Thumb Code     0  startup_stm32h743xx.o(.text)
    COMP1_IRQHandler                         0x08000373   Thumb Code     0  startup_stm32h743xx.o(.text)
    CRS_IRQHandler                           0x08000373   Thumb Code     0  startup_stm32h743xx.o(.text)
    DCMI_IRQHandler                          0x08000373   Thumb Code     0  startup_stm32h743xx.o(.text)
    DFSDM1_FLT0_IRQHandler                   0x08000373   Thumb Code     0  startup_stm32h743xx.o(.text)
    DFSDM1_FLT1_IRQHandler                   0x08000373   Thumb Code     0  startup_stm32h743xx.o(.text)
    DFSDM1_FLT2_IRQHandler                   0x08000373   Thumb Code     0  startup_stm32h743xx.o(.text)
    DFSDM1_FLT3_IRQHandler                   0x08000373   Thumb Code     0  startup_stm32h743xx.o(.text)
    DMA1_Stream0_IRQHandler                  0x08000373   Thumb Code     0  startup_stm32h743xx.o(.text)
    DMA1_Stream1_IRQHandler                  0x08000373   Thumb Code     0  startup_stm32h743xx.o(.text)
    DMA1_Stream2_IRQHandler                  0x08000373   Thumb Code     0  startup_stm32h743xx.o(.text)
    DMA1_Stream3_IRQHandler                  0x08000373   Thumb Code     0  startup_stm32h743xx.o(.text)
    DMA1_Stream4_IRQHandler                  0x08000373   Thumb Code     0  startup_stm32h743xx.o(.text)
    DMA1_Stream5_IRQHandler                  0x08000373   Thumb Code     0  startup_stm32h743xx.o(.text)
    DMA1_Stream6_IRQHandler                  0x08000373   Thumb Code     0  startup_stm32h743xx.o(.text)
    DMA1_Stream7_IRQHandler                  0x08000373   Thumb Code     0  startup_stm32h743xx.o(.text)
    DMA2D_IRQHandler                         0x08000373   Thumb Code     0  startup_stm32h743xx.o(.text)
    DMA2_Stream1_IRQHandler                  0x08000373   Thumb Code     0  startup_stm32h743xx.o(.text)
    DMA2_Stream2_IRQHandler                  0x08000373   Thumb Code     0  startup_stm32h743xx.o(.text)
    DMA2_Stream3_IRQHandler                  0x08000373   Thumb Code     0  startup_stm32h743xx.o(.text)
    DMA2_Stream4_IRQHandler                  0x08000373   Thumb Code     0  startup_stm32h743xx.o(.text)
    DMA2_Stream5_IRQHandler                  0x08000373   Thumb Code     0  startup_stm32h743xx.o(.text)
    DMA2_Stream6_IRQHandler                  0x08000373   Thumb Code     0  startup_stm32h743xx.o(.text)
    DMA2_Stream7_IRQHandler                  0x08000373   Thumb Code     0  startup_stm32h743xx.o(.text)
    DMAMUX1_OVR_IRQHandler                   0x08000373   Thumb Code     0  startup_stm32h743xx.o(.text)
    DMAMUX2_OVR_IRQHandler                   0x08000373   Thumb Code     0  startup_stm32h743xx.o(.text)
    ECC_IRQHandler                           0x08000373   Thumb Code     0  startup_stm32h743xx.o(.text)
    ETH_IRQHandler                           0x08000373   Thumb Code     0  startup_stm32h743xx.o(.text)
    ETH_WKUP_IRQHandler                      0x08000373   Thumb Code     0  startup_stm32h743xx.o(.text)
    EXTI1_IRQHandler                         0x08000373   Thumb Code     0  startup_stm32h743xx.o(.text)
    EXTI4_IRQHandler                         0x08000373   Thumb Code     0  startup_stm32h743xx.o(.text)
    EXTI9_5_IRQHandler                       0x08000373   Thumb Code     0  startup_stm32h743xx.o(.text)
    FDCAN1_IT0_IRQHandler                    0x08000373   Thumb Code     0  startup_stm32h743xx.o(.text)
    FDCAN1_IT1_IRQHandler                    0x08000373   Thumb Code     0  startup_stm32h743xx.o(.text)
    FDCAN2_IT0_IRQHandler                    0x08000373   Thumb Code     0  startup_stm32h743xx.o(.text)
    FDCAN2_IT1_IRQHandler                    0x08000373   Thumb Code     0  startup_stm32h743xx.o(.text)
    FDCAN_CAL_IRQHandler                     0x08000373   Thumb Code     0  startup_stm32h743xx.o(.text)
    FLASH_IRQHandler                         0x08000373   Thumb Code     0  startup_stm32h743xx.o(.text)
    FMC_IRQHandler                           0x08000373   Thumb Code     0  startup_stm32h743xx.o(.text)
    FPU_IRQHandler                           0x08000373   Thumb Code     0  startup_stm32h743xx.o(.text)
    HRTIM1_FLT_IRQHandler                    0x08000373   Thumb Code     0  startup_stm32h743xx.o(.text)
    HRTIM1_Master_IRQHandler                 0x08000373   Thumb Code     0  startup_stm32h743xx.o(.text)
    HRTIM1_TIMA_IRQHandler                   0x08000373   Thumb Code     0  startup_stm32h743xx.o(.text)
    HRTIM1_TIMB_IRQHandler                   0x08000373   Thumb Code     0  startup_stm32h743xx.o(.text)
    HRTIM1_TIMC_IRQHandler                   0x08000373   Thumb Code     0  startup_stm32h743xx.o(.text)
    HRTIM1_TIMD_IRQHandler                   0x08000373   Thumb Code     0  startup_stm32h743xx.o(.text)
    HRTIM1_TIME_IRQHandler                   0x08000373   Thumb Code     0  startup_stm32h743xx.o(.text)
    HSEM1_IRQHandler                         0x08000373   Thumb Code     0  startup_stm32h743xx.o(.text)
    I2C1_ER_IRQHandler                       0x08000373   Thumb Code     0  startup_stm32h743xx.o(.text)
    I2C1_EV_IRQHandler                       0x08000373   Thumb Code     0  startup_stm32h743xx.o(.text)
    I2C2_ER_IRQHandler                       0x08000373   Thumb Code     0  startup_stm32h743xx.o(.text)
    I2C2_EV_IRQHandler                       0x08000373   Thumb Code     0  startup_stm32h743xx.o(.text)
    I2C3_ER_IRQHandler                       0x08000373   Thumb Code     0  startup_stm32h743xx.o(.text)
    I2C3_EV_IRQHandler                       0x08000373   Thumb Code     0  startup_stm32h743xx.o(.text)
    I2C4_ER_IRQHandler                       0x08000373   Thumb Code     0  startup_stm32h743xx.o(.text)
    I2C4_EV_IRQHandler                       0x08000373   Thumb Code     0  startup_stm32h743xx.o(.text)
    JPEG_IRQHandler                          0x08000373   Thumb Code     0  startup_stm32h743xx.o(.text)
    LPTIM1_IRQHandler                        0x08000373   Thumb Code     0  startup_stm32h743xx.o(.text)
    LPTIM2_IRQHandler                        0x08000373   Thumb Code     0  startup_stm32h743xx.o(.text)
    LPTIM3_IRQHandler                        0x08000373   Thumb Code     0  startup_stm32h743xx.o(.text)
    LPTIM4_IRQHandler                        0x08000373   Thumb Code     0  startup_stm32h743xx.o(.text)
    LPTIM5_IRQHandler                        0x08000373   Thumb Code     0  startup_stm32h743xx.o(.text)
    LPUART1_IRQHandler                       0x08000373   Thumb Code     0  startup_stm32h743xx.o(.text)
    LTDC_ER_IRQHandler                       0x08000373   Thumb Code     0  startup_stm32h743xx.o(.text)
    LTDC_IRQHandler                          0x08000373   Thumb Code     0  startup_stm32h743xx.o(.text)
    MDIOS_IRQHandler                         0x08000373   Thumb Code     0  startup_stm32h743xx.o(.text)
    MDIOS_WKUP_IRQHandler                    0x08000373   Thumb Code     0  startup_stm32h743xx.o(.text)
    MDMA_IRQHandler                          0x08000373   Thumb Code     0  startup_stm32h743xx.o(.text)
    OTG_FS_EP1_IN_IRQHandler                 0x08000373   Thumb Code     0  startup_stm32h743xx.o(.text)
    OTG_FS_EP1_OUT_IRQHandler                0x08000373   Thumb Code     0  startup_stm32h743xx.o(.text)
    OTG_FS_IRQHandler                        0x08000373   Thumb Code     0  startup_stm32h743xx.o(.text)
    OTG_FS_WKUP_IRQHandler                   0x08000373   Thumb Code     0  startup_stm32h743xx.o(.text)
    OTG_HS_EP1_IN_IRQHandler                 0x08000373   Thumb Code     0  startup_stm32h743xx.o(.text)
    OTG_HS_EP1_OUT_IRQHandler                0x08000373   Thumb Code     0  startup_stm32h743xx.o(.text)
    OTG_HS_IRQHandler                        0x08000373   Thumb Code     0  startup_stm32h743xx.o(.text)
    OTG_HS_WKUP_IRQHandler                   0x08000373   Thumb Code     0  startup_stm32h743xx.o(.text)
    PVD_AVD_IRQHandler                       0x08000373   Thumb Code     0  startup_stm32h743xx.o(.text)
    QUADSPI_IRQHandler                       0x08000373   Thumb Code     0  startup_stm32h743xx.o(.text)
    RCC_IRQHandler                           0x08000373   Thumb Code     0  startup_stm32h743xx.o(.text)
    RNG_IRQHandler                           0x08000373   Thumb Code     0  startup_stm32h743xx.o(.text)
    RTC_Alarm_IRQHandler                     0x08000373   Thumb Code     0  startup_stm32h743xx.o(.text)
    RTC_WKUP_IRQHandler                      0x08000373   Thumb Code     0  startup_stm32h743xx.o(.text)
    SAI1_IRQHandler                          0x08000373   Thumb Code     0  startup_stm32h743xx.o(.text)
    SAI2_IRQHandler                          0x08000373   Thumb Code     0  startup_stm32h743xx.o(.text)
    SAI3_IRQHandler                          0x08000373   Thumb Code     0  startup_stm32h743xx.o(.text)
    SAI4_IRQHandler                          0x08000373   Thumb Code     0  startup_stm32h743xx.o(.text)
    SDMMC1_IRQHandler                        0x08000373   Thumb Code     0  startup_stm32h743xx.o(.text)
    SDMMC2_IRQHandler                        0x08000373   Thumb Code     0  startup_stm32h743xx.o(.text)
    SPDIF_RX_IRQHandler                      0x08000373   Thumb Code     0  startup_stm32h743xx.o(.text)
    SPI1_IRQHandler                          0x08000373   Thumb Code     0  startup_stm32h743xx.o(.text)
    SPI2_IRQHandler                          0x08000373   Thumb Code     0  startup_stm32h743xx.o(.text)
    SPI3_IRQHandler                          0x08000373   Thumb Code     0  startup_stm32h743xx.o(.text)
    SPI4_IRQHandler                          0x08000373   Thumb Code     0  startup_stm32h743xx.o(.text)
    SPI5_IRQHandler                          0x08000373   Thumb Code     0  startup_stm32h743xx.o(.text)
    SPI6_IRQHandler                          0x08000373   Thumb Code     0  startup_stm32h743xx.o(.text)
    SWPMI1_IRQHandler                        0x08000373   Thumb Code     0  startup_stm32h743xx.o(.text)
    TAMP_STAMP_IRQHandler                    0x08000373   Thumb Code     0  startup_stm32h743xx.o(.text)
    TIM15_IRQHandler                         0x08000373   Thumb Code     0  startup_stm32h743xx.o(.text)
    TIM16_IRQHandler                         0x08000373   Thumb Code     0  startup_stm32h743xx.o(.text)
    TIM17_IRQHandler                         0x08000373   Thumb Code     0  startup_stm32h743xx.o(.text)
    TIM1_BRK_IRQHandler                      0x08000373   Thumb Code     0  startup_stm32h743xx.o(.text)
    TIM1_CC_IRQHandler                       0x08000373   Thumb Code     0  startup_stm32h743xx.o(.text)
    TIM1_TRG_COM_IRQHandler                  0x08000373   Thumb Code     0  startup_stm32h743xx.o(.text)
    TIM2_IRQHandler                          0x08000373   Thumb Code     0  startup_stm32h743xx.o(.text)
    TIM3_IRQHandler                          0x08000373   Thumb Code     0  startup_stm32h743xx.o(.text)
    TIM5_IRQHandler                          0x08000373   Thumb Code     0  startup_stm32h743xx.o(.text)
    TIM7_IRQHandler                          0x08000373   Thumb Code     0  startup_stm32h743xx.o(.text)
    TIM8_BRK_TIM12_IRQHandler                0x08000373   Thumb Code     0  startup_stm32h743xx.o(.text)
    TIM8_CC_IRQHandler                       0x08000373   Thumb Code     0  startup_stm32h743xx.o(.text)
    TIM8_TRG_COM_TIM14_IRQHandler            0x08000373   Thumb Code     0  startup_stm32h743xx.o(.text)
    TIM8_UP_TIM13_IRQHandler                 0x08000373   Thumb Code     0  startup_stm32h743xx.o(.text)
    UART4_IRQHandler                         0x08000373   Thumb Code     0  startup_stm32h743xx.o(.text)
    UART5_IRQHandler                         0x08000373   Thumb Code     0  startup_stm32h743xx.o(.text)
    UART7_IRQHandler                         0x08000373   Thumb Code     0  startup_stm32h743xx.o(.text)
    UART8_IRQHandler                         0x08000373   Thumb Code     0  startup_stm32h743xx.o(.text)
    USART1_IRQHandler                        0x08000373   Thumb Code     0  startup_stm32h743xx.o(.text)
    USART2_IRQHandler                        0x08000373   Thumb Code     0  startup_stm32h743xx.o(.text)
    USART6_IRQHandler                        0x08000373   Thumb Code     0  startup_stm32h743xx.o(.text)
    WAKEUP_PIN_IRQHandler                    0x08000373   Thumb Code     0  startup_stm32h743xx.o(.text)
    WWDG_IRQHandler                          0x08000373   Thumb Code     0  startup_stm32h743xx.o(.text)
    __user_initial_stackheap                 0x08000375   Thumb Code     0  startup_stm32h743xx.o(.text)
    __aeabi_uldivmod                         0x08000399   Thumb Code     0  lludivv7m.o(.text)
    _ll_udiv                                 0x08000399   Thumb Code   238  lludivv7m.o(.text)
    __2printf                                0x08000489   Thumb Code    20  noretval__2printf.o(.text)
    _printf_int_dec                          0x080004a1   Thumb Code   104  _printf_dec.o(.text)
    __printf                                 0x08000519   Thumb Code   308  __printf_flags_wp.o(.text)
    __aeabi_memclr4                          0x08000651   Thumb Code     0  rt_memclr_w.o(.text)
    __aeabi_memclr8                          0x08000651   Thumb Code     0  rt_memclr_w.o(.text)
    __rt_memclr_w                            0x08000651   Thumb Code    78  rt_memclr_w.o(.text)
    _memset_w                                0x08000655   Thumb Code     0  rt_memclr_w.o(.text)
    __use_two_region_memory                  0x0800069f   Thumb Code     2  heapauxi.o(.text)
    __rt_heap_escrow$2region                 0x080006a1   Thumb Code     2  heapauxi.o(.text)
    __rt_heap_expand$2region                 0x080006a3   Thumb Code     2  heapauxi.o(.text)
    __read_errno                             0x080006a5   Thumb Code    10  _rserrno.o(.text)
    __set_errno                              0x080006af   Thumb Code    12  _rserrno.o(.text)
    _printf_int_common                       0x080006bb   Thumb Code   178  _printf_intcommon.o(.text)
    __lib_sel_fp_printf                      0x0800076d   Thumb Code     2  _printf_fp_dec.o(.text)
    _printf_fp_dec_real                      0x0800091f   Thumb Code   620  _printf_fp_dec.o(.text)
    _printf_char_file                        0x08000b8d   Thumb Code    32  _printf_char_file.o(.text)
    __rt_locale                              0x08000bb1   Thumb Code     8  rt_locale_intlibspace.o(.text)
    __aeabi_errno_addr                       0x08000bb9   Thumb Code     8  rt_errno_addr_intlibspace.o(.text)
    __errno$intlibspace                      0x08000bb9   Thumb Code     0  rt_errno_addr_intlibspace.o(.text)
    __rt_errno_addr$intlibspace              0x08000bb9   Thumb Code     0  rt_errno_addr_intlibspace.o(.text)
    _ll_udiv10                               0x08000bc1   Thumb Code   138  lludiv10.o(.text)
    _printf_char_common                      0x08000c57   Thumb Code    32  _printf_char_common.o(.text)
    _printf_fp_infnan                        0x08000c7d   Thumb Code   112  _printf_fp_infnan.o(.text)
    _btod_etento                             0x08000cfd   Thumb Code   224  bigflt0.o(.text)
    ferror                                   0x08000de1   Thumb Code     8  ferror.o(.text)
    __user_libspace                          0x08000de9   Thumb Code     8  libspace.o(.text)
    __user_perproc_libspace                  0x08000de9   Thumb Code     0  libspace.o(.text)
    __user_perthread_libspace                0x08000de9   Thumb Code     0  libspace.o(.text)
    __user_setup_stackheap                   0x08000df1   Thumb Code    74  sys_stackheap_outer.o(.text)
    exit                                     0x08000e3b   Thumb Code    18  exit.o(.text)
    strcmp                                   0x08000e4d   Thumb Code   104  strcmpv7m_pel.o(.text)
    _btod_d2e                                0x08000eb5   Thumb Code    62  btod.o(CL$$btod_d2e)
    _d2e_denorm_low                          0x08000ef3   Thumb Code    70  btod.o(CL$$btod_d2e_denorm_low)
    _d2e_norm_op1                            0x08000f39   Thumb Code    96  btod.o(CL$$btod_d2e_norm_op1)
    __btod_div_common                        0x08000f99   Thumb Code   696  btod.o(CL$$btod_div_common)
    _e2e                                     0x080012d1   Thumb Code   220  btod.o(CL$$btod_e2e)
    _btod_ediv                               0x080013ad   Thumb Code    42  btod.o(CL$$btod_ediv)
    _btod_emul                               0x080013d7   Thumb Code    42  btod.o(CL$$btod_emul)
    __btod_mult_common                       0x08001401   Thumb Code   580  btod.o(CL$$btod_mult_common)
    ADC3_IRQHandler                          0x08001645   Thumb Code    10  adc.o(i.ADC3_IRQHandler)
    ADC_ConfigureBoostMode                   0x08001655   Thumb Code   332  stm32h7xx_hal_adc.o(i.ADC_ConfigureBoostMode)
    ADC_DMAConvCplt                          0x080017bd   Thumb Code   146  stm32h7xx_hal_adc.o(i.ADC_DMAConvCplt)
    ADC_DMAError                             0x0800184f   Thumb Code    30  stm32h7xx_hal_adc.o(i.ADC_DMAError)
    ADC_DMAHalfConvCplt                      0x0800186d   Thumb Code    14  stm32h7xx_hal_adc.o(i.ADC_DMAHalfConvCplt)
    ADC_Disable                              0x0800187d   Thumb Code   132  stm32h7xx_hal_adc.o(i.ADC_Disable)
    ADC_Enable                               0x08001905   Thumb Code   172  stm32h7xx_hal_adc.o(i.ADC_Enable)
    BusFault_Handler                         0x080019c5   Thumb Code     4  stm32h7xx_it.o(i.BusFault_Handler)
    DMA2_Stream0_IRQHandler                  0x080019c9   Thumb Code    10  dma.o(i.DMA2_Stream0_IRQHandler)
    DebugMon_Handler                         0x08001e51   Thumb Code     2  stm32h7xx_it.o(i.DebugMon_Handler)
    EXTI0_IRQHandler                         0x08001e53   Thumb Code    10  key_bsp.o(i.EXTI0_IRQHandler)
    EXTI15_10_IRQHandler                     0x08001e5d   Thumb Code    12  key_bsp.o(i.EXTI15_10_IRQHandler)
    EXTI2_IRQHandler                         0x08001e69   Thumb Code    10  key_bsp.o(i.EXTI2_IRQHandler)
    EXTI3_IRQHandler                         0x08001e73   Thumb Code    10  key_bsp.o(i.EXTI3_IRQHandler)
    HAL_ADCEx_Calibration_Start              0x08001e7d   Thumb Code   174  stm32h7xx_hal_adc_ex.o(i.HAL_ADCEx_Calibration_Start)
    HAL_ADCEx_EndOfSamplingCallback          0x08001f35   Thumb Code     2  stm32h7xx_hal_adc_ex.o(i.HAL_ADCEx_EndOfSamplingCallback)
    HAL_ADCEx_InjectedConvCpltCallback       0x08001f37   Thumb Code     2  stm32h7xx_hal_adc_ex.o(i.HAL_ADCEx_InjectedConvCpltCallback)
    HAL_ADCEx_InjectedQueueOverflowCallback  0x08001f39   Thumb Code     2  stm32h7xx_hal_adc_ex.o(i.HAL_ADCEx_InjectedQueueOverflowCallback)
    HAL_ADCEx_LevelOutOfWindow2Callback      0x08001f3b   Thumb Code     2  stm32h7xx_hal_adc_ex.o(i.HAL_ADCEx_LevelOutOfWindow2Callback)
    HAL_ADCEx_LevelOutOfWindow3Callback      0x08001f3d   Thumb Code     2  stm32h7xx_hal_adc_ex.o(i.HAL_ADCEx_LevelOutOfWindow3Callback)
    HAL_ADC_ConfigChannel                    0x08001f41   Thumb Code  1300  stm32h7xx_hal_adc.o(i.HAL_ADC_ConfigChannel)
    HAL_ADC_ConvCpltCallback                 0x0800247d   Thumb Code    26  adc.o(i.HAL_ADC_ConvCpltCallback)
    HAL_ADC_ConvHalfCpltCallback             0x080024a1   Thumb Code     2  stm32h7xx_hal_adc.o(i.HAL_ADC_ConvHalfCpltCallback)
    HAL_ADC_ErrorCallback                    0x080024a3   Thumb Code     2  stm32h7xx_hal_adc.o(i.HAL_ADC_ErrorCallback)
    HAL_ADC_IRQHandler                       0x080024a5   Thumb Code   840  stm32h7xx_hal_adc.o(i.HAL_ADC_IRQHandler)
    HAL_ADC_Init                             0x080027fd   Thumb Code   606  stm32h7xx_hal_adc.o(i.HAL_ADC_Init)
    HAL_ADC_LevelOutOfWindowCallback         0x08002a89   Thumb Code     2  stm32h7xx_hal_adc.o(i.HAL_ADC_LevelOutOfWindowCallback)
    HAL_ADC_MspInit                          0x08002a8b   Thumb Code     2  stm32h7xx_hal_adc.o(i.HAL_ADC_MspInit)
    HAL_ADC_Start_DMA                        0x08002a8d   Thumb Code   262  stm32h7xx_hal_adc.o(i.HAL_ADC_Start_DMA)
    HAL_DMA_Abort_IT                         0x08002bb1   Thumb Code   664  stm32h7xx_hal_dma.o(i.HAL_DMA_Abort_IT)
    HAL_DMA_IRQHandler                       0x08002e51   Thumb Code  2800  stm32h7xx_hal_dma.o(i.HAL_DMA_IRQHandler)
    HAL_DMA_Init                             0x08003949   Thumb Code   872  stm32h7xx_hal_dma.o(i.HAL_DMA_Init)
    HAL_DMA_Start_IT                         0x08003cc5   Thumb Code   738  stm32h7xx_hal_dma.o(i.HAL_DMA_Start_IT)
    HAL_GPIO_EXTI_Callback                   0x08003fb1   Thumb Code    42  key_bsp.o(i.HAL_GPIO_EXTI_Callback)
    HAL_GPIO_EXTI_IRQHandler                 0x08003fe5   Thumb Code    24  stm32h7xx_hal_gpio.o(i.HAL_GPIO_EXTI_IRQHandler)
    HAL_GPIO_Init                            0x08004001   Thumb Code   468  stm32h7xx_hal_gpio.o(i.HAL_GPIO_Init)
    HAL_GPIO_ReadPin                         0x08004209   Thumb Code    16  stm32h7xx_hal_gpio.o(i.HAL_GPIO_ReadPin)
    HAL_GPIO_WritePin                        0x08004219   Thumb Code    12  stm32h7xx_hal_gpio.o(i.HAL_GPIO_WritePin)
    HAL_GetREVID                             0x08004225   Thumb Code     8  stm32h7xx_hal.o(i.HAL_GetREVID)
    HAL_GetTick                              0x08004231   Thumb Code     6  stm32h7xx_hal.o(i.HAL_GetTick)
    HAL_Init                                 0x0800423d   Thumb Code    80  stm32h7xx_hal.o(i.HAL_Init)
    HAL_InitTick                             0x0800429d   Thumb Code    74  stm32h7xx_hal.o(i.HAL_InitTick)
    HAL_MspInit                              0x080042f5   Thumb Code     2  stm32h7xx_hal.o(i.HAL_MspInit)
    HAL_NVIC_EnableIRQ                       0x080042f7   Thumb Code    32  stm32h7xx_hal_cortex.o(i.HAL_NVIC_EnableIRQ)
    HAL_NVIC_SetPriority                     0x08004317   Thumb Code   122  stm32h7xx_hal_cortex.o(i.HAL_NVIC_SetPriority)
    HAL_NVIC_SetPriorityGrouping             0x08004391   Thumb Code    32  stm32h7xx_hal_cortex.o(i.HAL_NVIC_SetPriorityGrouping)
    HAL_PWREx_ConfigSupply                   0x080043b9   Thumb Code    90  stm32h7xx_hal_pwr_ex.o(i.HAL_PWREx_ConfigSupply)
    HAL_RCCEx_GetD1SysClockFreq              0x08004419   Thumb Code    34  stm32h7xx_hal_rcc_ex.o(i.HAL_RCCEx_GetD1SysClockFreq)
    HAL_RCCEx_GetD3PCLK1Freq                 0x08004449   Thumb Code    26  stm32h7xx_hal_rcc_ex.o(i.HAL_RCCEx_GetD3PCLK1Freq)
    HAL_RCCEx_GetPLL1ClockFreq               0x0800446d   Thumb Code   536  stm32h7xx_hal_rcc_ex.o(i.HAL_RCCEx_GetPLL1ClockFreq)
    HAL_RCCEx_GetPLL2ClockFreq               0x0800469d   Thumb Code   536  stm32h7xx_hal_rcc_ex.o(i.HAL_RCCEx_GetPLL2ClockFreq)
    HAL_RCCEx_GetPLL3ClockFreq               0x080048cd   Thumb Code   536  stm32h7xx_hal_rcc_ex.o(i.HAL_RCCEx_GetPLL3ClockFreq)
    HAL_RCCEx_GetPeriphCLKFreq               0x08004afd   Thumb Code   790  stm32h7xx_hal_rcc_ex.o(i.HAL_RCCEx_GetPeriphCLKFreq)
    HAL_RCC_ClockConfig                      0x08004e29   Thumb Code   748  stm32h7xx_hal_rcc.o(i.HAL_RCC_ClockConfig)
    HAL_RCC_GetHCLKFreq                      0x08005129   Thumb Code    34  stm32h7xx_hal_rcc.o(i.HAL_RCC_GetHCLKFreq)
    HAL_RCC_GetPCLK1Freq                     0x08005159   Thumb Code    26  stm32h7xx_hal_rcc.o(i.HAL_RCC_GetPCLK1Freq)
    HAL_RCC_GetPCLK2Freq                     0x0800517d   Thumb Code    26  stm32h7xx_hal_rcc.o(i.HAL_RCC_GetPCLK2Freq)
    HAL_RCC_GetSysClockFreq                  0x080051a1   Thumb Code   524  stm32h7xx_hal_rcc.o(i.HAL_RCC_GetSysClockFreq)
    HAL_RCC_OscConfig                        0x080053cd   Thumb Code  1854  stm32h7xx_hal_rcc.o(i.HAL_RCC_OscConfig)
    HAL_SYSTICK_CLKSourceConfig              0x08005b15   Thumb Code    40  stm32h7xx_hal_cortex.o(i.HAL_SYSTICK_CLKSourceConfig)
    HAL_SYSTICK_Callback                     0x08005b3d   Thumb Code     2  stm32h7xx_hal_cortex.o(i.HAL_SYSTICK_Callback)
    HAL_SYSTICK_Config                       0x08005b3f   Thumb Code    52  stm32h7xx_hal_cortex.o(i.HAL_SYSTICK_Config)
    HAL_SYSTICK_IRQHandler                   0x08005b73   Thumb Code     8  stm32h7xx_hal_cortex.o(i.HAL_SYSTICK_IRQHandler)
    HAL_TIMEx_Break2Callback                 0x08005b7b   Thumb Code     2  stm32h7xx_hal_tim_ex.o(i.HAL_TIMEx_Break2Callback)
    HAL_TIMEx_BreakCallback                  0x08005b7d   Thumb Code     2  stm32h7xx_hal_tim_ex.o(i.HAL_TIMEx_BreakCallback)
    HAL_TIMEx_CommutCallback                 0x08005b7f   Thumb Code     2  stm32h7xx_hal_tim_ex.o(i.HAL_TIMEx_CommutCallback)
    HAL_TIMEx_ConfigCommutEvent              0x08005b81   Thumb Code   134  stm32h7xx_hal_tim_ex.o(i.HAL_TIMEx_ConfigCommutEvent)
    HAL_TIM_Base_Init                        0x08005c0d   Thumb Code    52  stm32h7xx_hal_tim.o(i.HAL_TIM_Base_Init)
    HAL_TIM_Base_MspInit                     0x08005c41   Thumb Code     2  stm32h7xx_hal_tim.o(i.HAL_TIM_Base_MspInit)
    HAL_TIM_Base_Start_IT                    0x08005c45   Thumb Code    50  stm32h7xx_hal_tim.o(i.HAL_TIM_Base_Start_IT)
    HAL_TIM_Base_Stop_IT                     0x08005c7d   Thumb Code    56  stm32h7xx_hal_tim.o(i.HAL_TIM_Base_Stop_IT)
    HAL_TIM_Encoder_Init                     0x08005cb5   Thumb Code   172  stm32h7xx_hal_tim.o(i.HAL_TIM_Encoder_Init)
    HAL_TIM_Encoder_MspInit                  0x08005d65   Thumb Code     2  stm32h7xx_hal_tim.o(i.HAL_TIM_Encoder_MspInit)
    HAL_TIM_Encoder_Start                    0x08005d67   Thumb Code    78  stm32h7xx_hal_tim.o(i.HAL_TIM_Encoder_Start)
    HAL_TIM_Encoder_Stop                     0x08005db5   Thumb Code   104  stm32h7xx_hal_tim.o(i.HAL_TIM_Encoder_Stop)
    HAL_TIM_GenerateEvent                    0x08005e1d   Thumb Code    54  stm32h7xx_hal_tim.o(i.HAL_TIM_GenerateEvent)
    HAL_TIM_IC_CaptureCallback               0x08005e53   Thumb Code     2  stm32h7xx_hal_tim.o(i.HAL_TIM_IC_CaptureCallback)
    HAL_TIM_IRQHandler                       0x08005e55   Thumb Code   440  stm32h7xx_hal_tim.o(i.HAL_TIM_IRQHandler)
    HAL_TIM_OC_DelayElapsedCallback          0x0800600d   Thumb Code     2  stm32h7xx_hal_tim.o(i.HAL_TIM_OC_DelayElapsedCallback)
    HAL_TIM_PWM_ConfigChannel                0x0800600f   Thumb Code   372  stm32h7xx_hal_tim.o(i.HAL_TIM_PWM_ConfigChannel)
    HAL_TIM_PWM_Init                         0x08006183   Thumb Code    52  stm32h7xx_hal_tim.o(i.HAL_TIM_PWM_Init)
    HAL_TIM_PWM_MspInit                      0x080061b7   Thumb Code     2  stm32h7xx_hal_tim.o(i.HAL_TIM_PWM_MspInit)
    HAL_TIM_PWM_PulseFinishedCallback        0x080061b9   Thumb Code     2  stm32h7xx_hal_tim.o(i.HAL_TIM_PWM_PulseFinishedCallback)
    HAL_TIM_PWM_Start                        0x080061bd   Thumb Code   112  stm32h7xx_hal_tim.o(i.HAL_TIM_PWM_Start)
    HAL_TIM_PWM_Stop                         0x08006245   Thumb Code   150  stm32h7xx_hal_tim.o(i.HAL_TIM_PWM_Stop)
    HAL_TIM_PeriodElapsedCallback            0x080062f1   Thumb Code    56  pmsm_sys_tim_callback.o(i.HAL_TIM_PeriodElapsedCallback)
    HAL_TIM_TriggerCallback                  0x0800632d   Thumb Code     2  stm32h7xx_hal_tim.o(i.HAL_TIM_TriggerCallback)
    HAL_UARTEx_RxFifoFullCallback            0x0800632f   Thumb Code     2  stm32h7xx_hal_uart_ex.o(i.HAL_UARTEx_RxFifoFullCallback)
    HAL_UARTEx_TxFifoEmptyCallback           0x08006331   Thumb Code     2  stm32h7xx_hal_uart_ex.o(i.HAL_UARTEx_TxFifoEmptyCallback)
    HAL_UARTEx_WakeupCallback                0x08006333   Thumb Code     2  stm32h7xx_hal_uart_ex.o(i.HAL_UARTEx_WakeupCallback)
    HAL_UART_ErrorCallback                   0x08006335   Thumb Code     2  stm32h7xx_hal_uart.o(i.HAL_UART_ErrorCallback)
    HAL_UART_IRQHandler                      0x08006339   Thumb Code   512  stm32h7xx_hal_uart.o(i.HAL_UART_IRQHandler)
    HAL_UART_Init                            0x08006545   Thumb Code   120  stm32h7xx_hal_uart.o(i.HAL_UART_Init)
    HAL_UART_MspInit                         0x080065bd   Thumb Code   138  usart_bsp.o(i.HAL_UART_MspInit)
    HAL_UART_Transmit                        0x08006655   Thumb Code   212  stm32h7xx_hal_uart.o(i.HAL_UART_Transmit)
    HAL_UART_TxCpltCallback                  0x08006729   Thumb Code     2  stm32h7xx_hal_uart.o(i.HAL_UART_TxCpltCallback)
    HardFault_Handler                        0x0800672b   Thumb Code     4  stm32h7xx_it.o(i.HardFault_Handler)
    KEY_BSP_Init                             0x08006731   Thumb Code    74  key_bsp.o(i.KEY_BSP_Init)
    LED_BSP_Init                             0x08006789   Thumb Code    98  led_bsp.o(i.LED_BSP_Init)
    MemManage_Handler                        0x080068a5   Thumb Code     4  stm32h7xx_it.o(i.MemManage_Handler)
    NMI_Handler                              0x080068a9   Thumb Code     2  stm32h7xx_it.o(i.NMI_Handler)
    PendSV_Handler                           0x080068ab   Thumb Code     2  stm32h7xx_it.o(i.PendSV_Handler)
    SVC_Handler                              0x080068ad   Thumb Code     2  stm32h7xx_it.o(i.SVC_Handler)
    SysTick_Handler                          0x080068af   Thumb Code     8  stm32h7xx_it.o(i.SysTick_Handler)
    SystemInit                               0x0800698d   Thumb Code   146  system_stm32h7xx.o(i.SystemInit)
    TIM1_UP_IRQHandler                       0x08006a35   Thumb Code    10  pwm.o(i.TIM1_UP_IRQHandler)
    TIM4_IRQHandler                          0x08006a45   Thumb Code    10  encoder.o(i.TIM4_IRQHandler)
    TIM6_DAC_IRQHandler                      0x08006a55   Thumb Code    10  pmsm_sys_ctrl.o(i.TIM6_DAC_IRQHandler)
    TIM_Base_SetConfig                       0x08006a65   Thumb Code   170  stm32h7xx_hal_tim.o(i.TIM_Base_SetConfig)
    TIM_CCxChannelCmd                        0x08006b31   Thumb Code    34  stm32h7xx_hal_tim.o(i.TIM_CCxChannelCmd)
    TIM_OC2_SetConfig                        0x08006c01   Thumb Code   156  stm32h7xx_hal_tim.o(i.TIM_OC2_SetConfig)
    UART3_BSP_Init                           0x08006ead   Thumb Code   114  usart_bsp.o(i.UART3_BSP_Init)
    UART_AdvFeatureConfig                    0x08006f29   Thumb Code   248  stm32h7xx_hal_uart.o(i.UART_AdvFeatureConfig)
    UART_CheckIdleState                      0x08007021   Thumb Code   116  stm32h7xx_hal_uart.o(i.UART_CheckIdleState)
    UART_SetConfig                           0x080070f9   Thumb Code  5860  stm32h7xx_hal_uart.o(i.UART_SetConfig)
    UART_WaitOnFlagUntilTimeout              0x080087e9   Thumb Code   190  stm32h7xx_hal_uart.o(i.UART_WaitOnFlagUntilTimeout)
    USART3_IRQHandler                        0x080088a9   Thumb Code    32  usart_bsp.o(i.USART3_IRQHandler)
    UsageFault_Handler                       0x080088cd   Thumb Code     4  stm32h7xx_it.o(i.UsageFault_Handler)
    __ARM_fpclassify                         0x080088d1   Thumb Code    48  fpclassify.o(i.__ARM_fpclassify)
    __hardfp_log                             0x08008939   Thumb Code   480  log.o(i.__hardfp_log)
    __kernel_poly                            0x08008b75   Thumb Code   112  poly.o(i.__kernel_poly)
    __mathlib_dbl_divzero                    0x08008be9   Thumb Code    14  dunder.o(i.__mathlib_dbl_divzero)
    __mathlib_dbl_infnan                     0x08008c09   Thumb Code     6  dunder.o(i.__mathlib_dbl_infnan)
    __mathlib_dbl_invalid                    0x08008c11   Thumb Code    10  dunder.o(i.__mathlib_dbl_invalid)
    _is_digit                                0x08008c29   Thumb Code    14  __printf_wp.o(i._is_digit)
    _sys_exit                                0x08008c37   Thumb Code     4  usart_bsp.o(i._sys_exit)
    delay_init                               0x08008c3d   Thumb Code    24  core_delay.o(i.delay_init)
    delay_ms                                 0x08008c61   Thumb Code    50  core_delay.o(i.delay_ms)
    delay_us                                 0x08008c95   Thumb Code    68  core_delay.o(i.delay_us)
    fputc                                    0x08008ecd   Thumb Code    22  usart_bsp.o(i.fputc)
    main                                     0x08008ee9   Thumb Code   836  main.o(i.main)
    pid_inc_controller0_control              0x08009495   Thumb Code   112  pid_ctrl.o(i.pid_inc_controller0_control)
    pid_inc_controller0_init                 0x08009509   Thumb Code    68  pid_ctrl.o(i.pid_inc_controller0_init)
    pid_inc_controller0_para_reset           0x0800955d   Thumb Code    44  pid_ctrl.o(i.pid_inc_controller0_para_reset)
    pmsm0_accelerate_pwm_set                 0x08009591   Thumb Code   274  pwm.o(i.pmsm0_accelerate_pwm_set)
    pmsm0_actutor_dir_set                    0x080096a9   Thumb Code    12  pmsm_sys_pmsm_drive.o(i.pmsm0_actutor_dir_set)
    pmsm0_actutor_disable                    0x080096b5   Thumb Code    12  pmsm_sys_pmsm_drive.o(i.pmsm0_actutor_disable)
    pmsm0_actutor_enable                     0x080096c1   Thumb Code    12  pmsm_sys_pmsm_drive.o(i.pmsm0_actutor_enable)
    pmsm0_actutor_init                       0x080096cd   Thumb Code    12  pmsm_sys_pmsm_drive.o(i.pmsm0_actutor_init)
    pmsm0_actutor_speed_set                  0x080096d9   Thumb Code    48  pmsm_sys_pmsm_drive.o(i.pmsm0_actutor_speed_set)
    pmsm0_analog_init                        0x08009a85   Thumb Code    12  adc.o(i.pmsm0_analog_init)
    pmsm0_board_temperature_feedback         0x08009a91   Thumb Code   136  pmsm_sys_pmsm_feedback.o(i.pmsm0_board_temperature_feedback)
    pmsm0_commutation_uhvl                   0x08009b49   Thumb Code    70  commutation.o(i.pmsm0_commutation_uhvl)
    pmsm0_commutation_uhwl                   0x08009b99   Thumb Code    70  commutation.o(i.pmsm0_commutation_uhwl)
    pmsm0_commutation_vhul                   0x08009be9   Thumb Code    72  commutation.o(i.pmsm0_commutation_vhul)
    pmsm0_commutation_vhwl                   0x08009c39   Thumb Code    72  commutation.o(i.pmsm0_commutation_vhwl)
    pmsm0_commutation_whul                   0x08009c89   Thumb Code    70  commutation.o(i.pmsm0_commutation_whul)
    pmsm0_commutation_whvl                   0x08009cd9   Thumb Code    70  commutation.o(i.pmsm0_commutation_whvl)
    pmsm0_dir_set                            0x08009d29   Thumb Code     8  pwm.o(i.pmsm0_dir_set)
    pmsm0_dma_adc_enable                     0x08009d35   Thumb Code    14  dma.o(i.pmsm0_dma_adc_enable)
    pmsm0_dma_init                           0x08009d4d   Thumb Code   112  dma.o(i.pmsm0_dma_init)
    pmsm0_emf_zerodetect_init                0x08009dc9   Thumb Code     8  emf_zerodetect.o(i.pmsm0_emf_zerodetect_init)
    pmsm0_emfzero_detect_top                 0x08009e6d   Thumb Code   136  emf_zerodetect.o(i.pmsm0_emfzero_detect_top)
    pmsm0_encoder_disable                    0x08009fdd   Thumb Code    80  encoder.o(i.pmsm0_encoder_disable)
    pmsm0_encoder_elapse_counter             0x0800a031   Thumb Code    52  encoder.o(i.pmsm0_encoder_elapse_counter)
    pmsm0_encoder_enable                     0x0800a069   Thumb Code    76  encoder.o(i.pmsm0_encoder_enable)
    pmsm0_encoder_init                       0x0800a145   Thumb Code    12  encoder.o(i.pmsm0_encoder_init)
    pmsm0_encoder_total_counter              0x0800a209   Thumb Code    26  encoder.o(i.pmsm0_encoder_total_counter)
    pmsm0_feedback_always_on_enable          0x0800a229   Thumb Code     8  pmsm_sys_pmsm_feedback.o(i.pmsm0_feedback_always_on_enable)
    pmsm0_feedback_disable                   0x0800a231   Thumb Code     8  pmsm_sys_pmsm_feedback.o(i.pmsm0_feedback_disable)
    pmsm0_feedback_enable                    0x0800a239   Thumb Code     8  pmsm_sys_pmsm_feedback.o(i.pmsm0_feedback_enable)
    pmsm0_feedback_init                      0x0800a241   Thumb Code    20  pmsm_sys_pmsm_feedback.o(i.pmsm0_feedback_init)
    pmsm0_loop                               0x0800a255   Thumb Code     8  pmsm_sys_ctrl.o(i.pmsm0_loop)
    pmsm0_loop_disable                       0x0800a25d   Thumb Code    10  pmsm_sys_ctrl.o(i.pmsm0_loop_disable)
    pmsm0_loop_enable                        0x0800a26d   Thumb Code    10  pmsm_sys_ctrl.o(i.pmsm0_loop_enable)
    pmsm0_loop_init                          0x0800a27d   Thumb Code     8  pmsm_sys_ctrl.o(i.pmsm0_loop_init)
    pmsm0_para_reset                         0x0800a2e9   Thumb Code   254  pmsm_sys_ctrl.o(i.pmsm0_para_reset)
    pmsm0_phase_current_feedback             0x0800a3f1   Thumb Code   100  pmsm_sys_pmsm_feedback.o(i.pmsm0_phase_current_feedback)
    pmsm0_pwm_disable                        0x0800a45d   Thumb Code    96  pwm.o(i.pmsm0_pwm_disable)
    pmsm0_pwm_enable                         0x0800a4c9   Thumb Code    34  pwm.o(i.pmsm0_pwm_enable)
    pmsm0_pwm_init                           0x0800a649   Thumb Code    12  pwm.o(i.pmsm0_pwm_init)
    pmsm0_pwm_set                            0x0800a655   Thumb Code    34  pwm.o(i.pmsm0_pwm_set)
    pmsm0_reference_phase_voltage_feedback   0x0800a74d   Thumb Code   168  pmsm_sys_pmsm_feedback.o(i.pmsm0_reference_phase_voltage_feedback)
    pmsm0_sd_disable                         0x0800a801   Thumb Code    16  pmsm_sys_pmsm_drive.o(i.pmsm0_sd_disable)
    pmsm0_sd_enable                          0x0800a815   Thumb Code    14  pmsm_sys_pmsm_drive.o(i.pmsm0_sd_enable)
    pmsm0_sd_init                            0x0800a829   Thumb Code    64  pmsm_sys_pmsm_drive.o(i.pmsm0_sd_init)
    pmsm0_sensorless_accelerate_commutation  0x0800a875   Thumb Code    60  commutation.o(i.pmsm0_sensorless_accelerate_commutation)
    pmsm0_sensorless_commutation             0x0800a8bd   Thumb Code    62  commutation.o(i.pmsm0_sensorless_commutation)
    pmsm0_speed_calculate                    0x0800a90d   Thumb Code    68  pmsm_sys_pmsm_feedback.o(i.pmsm0_speed_calculate)
    pmsm0_speed_feedback                     0x0800a96d   Thumb Code   256  pmsm_sys_pmsm_feedback.o(i.pmsm0_speed_feedback)
    pmsm0_system_always_on_enable            0x0800ab5d   Thumb Code     8  pmsm_sys_ctrl.o(i.pmsm0_system_always_on_enable)
    pmsm0_system_calibration                 0x0800ab65   Thumb Code    26  pmsm_sys_ctrl.o(i.pmsm0_system_calibration)
    pmsm0_system_disable                     0x0800ab85   Thumb Code    24  pmsm_sys_ctrl.o(i.pmsm0_system_disable)
    pmsm0_system_enable                      0x0800ab9d   Thumb Code    84  pmsm_sys_ctrl.o(i.pmsm0_system_enable)
    pmsm0_system_init                        0x0800abf9   Thumb Code    32  pmsm_sys_ctrl.o(i.pmsm0_system_init)
    pmsm0_vbus_feedback                      0x0800ac1d   Thumb Code    24  pmsm_sys_pmsm_feedback.o(i.pmsm0_vbus_feedback)
    pmsm0_vvvf_top                           0x0800ac3d   Thumb Code   120  vvvf.o(i.pmsm0_vvvf_top)
    pmsm_sensorless_top                      0x0800acb9   Thumb Code   112  sensorless_ctrl.o(i.pmsm_sensorless_top)
    _get_lc_numeric                          0x0800ae05   Thumb Code    44  lc_numeric_c.o(locale$$code)
    _fp_init                                 0x0800ae31   Thumb Code    10  fpinit.o(x$fpl$fpinit)
    __fplib_config_fpu_vfp                   0x0800ae39   Thumb Code     0  fpinit.o(x$fpl$fpinit)
    __fplib_config_pureend_doubles           0x0800ae39   Thumb Code     0  fpinit.o(x$fpl$fpinit)
    _printf_fp_dec                           0x0800ae3b   Thumb Code     4  printf1.o(x$fpl$printf1)
    D1CorePrescTable                         0x0800ae3e   Data          16  system_stm32h7xx.o(.constdata)
    __I$use$fp                               0x0800ae3e   Number         0  usenofp.o(x$fpl$usenofp)
    __mathlib_zero                           0x0800aea0   Data           8  qnan.o(.constdata)
    Region$$Table$$Base                      0x0800af3c   Number         0  anon$$obj.o(Region$$Table)
    Region$$Table$$Limit                     0x0800af5c   Number         0  anon$$obj.o(Region$$Table)
    SystemCoreClock                          0x24000000   Data           4  system_stm32h7xx.o(.data)
    SystemD2Clock                            0x24000004   Data           4  system_stm32h7xx.o(.data)
    uwTick                                   0x24000008   Data           4  stm32h7xx_hal.o(.data)
    uwTickPrio                               0x2400000c   Data           4  stm32h7xx_hal.o(.data)
    uwTickFreq                               0x24000010   Data           1  stm32h7xx_hal.o(.data)
    Key_Value                                0x24000014   Data           4  main.o(.data)
    USART_RX_STA                             0x2400001c   Data           2  usart_bsp.o(.data)
    aRxBuffer                                0x2400001e   Data           1  usart_bsp.o(.data)
    __stdout                                 0x24000020   Data           4  usart_bsp.o(.data)
    pmsm0_fwd_commutation_funptr             0x24000024   Data          24  commutation.o(.data)
    pmsm0_rev_commutation_funptr             0x2400003c   Data          24  commutation.o(.data)
    pmsm0_accelerate_commutation_funptr      0x24000054   Data          24  commutation.o(.data)
    adc_calibration_update_flag              0x2400006c   Data           1  adc.o(.data)
    PMSM0                                    0x24000070   Data         908  main.o(.bss)
    pid_pos_controller0                      0x240003fc   Data          32  main.o(.bss)
    pid_inc_controller0                      0x2400041c   Data          32  main.o(.bss)
    USART_RX_BUF                             0x2400043c   Data         100  usart_bsp.o(.bss)
    UART3_Handle                             0x240004a0   Data         140  usart_bsp.o(.bss)
    adc_raw                                  0x2400052c   Data         200  adc.o(.bss)
    __libspace_start                         0x240005f4   Data          96  libspace.o(.bss)
    __temporary_stack_top$libspace           0x24000654   Data           0  libspace.o(.bss)



==============================================================================

Memory Map of the image

  Image Entry point : 0x08000299

  Load Region LR_IROM1 (Base: 0x08000000, Size: 0x0000afe8, Max: 0x00100000, ABSOLUTE)

    Execution Region ER_IROM1 (Exec base: 0x08000000, Load base: 0x08000000, Size: 0x0000af78, Max: 0x00100000, ABSOLUTE)

    Exec Addr    Load Addr    Size         Type   Attr      Idx    E Section Name        Object

    0x08000000   0x08000000   0x00000298   Data   RO            3    RESET               startup_stm32h743xx.o
    0x08000298   0x08000298   0x00000008   Code   RO         5209  * !!!main             c_w.l(__main.o)
    0x080002a0   0x080002a0   0x00000034   Code   RO         5473    !!!scatter          c_w.l(__scatter.o)
    0x080002d4   0x080002d4   0x0000001a   Code   RO         5475    !!handler_copy      c_w.l(__scatter_copy.o)
    0x080002ee   0x080002ee   0x00000002   PAD
    0x080002f0   0x080002f0   0x0000001c   Code   RO         5477    !!handler_zi        c_w.l(__scatter_zi.o)
    0x0800030c   0x0800030c   0x00000000   Code   RO         5204    .ARM.Collect$$_printf_percent$$00000000  c_w.l(_printf_percent.o)
    0x0800030c   0x0800030c   0x00000006   Code   RO         5203    .ARM.Collect$$_printf_percent$$00000003  c_w.l(_printf_f.o)
    0x08000312   0x08000312   0x00000006   Code   RO         5202    .ARM.Collect$$_printf_percent$$00000009  c_w.l(_printf_d.o)
    0x08000318   0x08000318   0x00000004   Code   RO         5240    .ARM.Collect$$_printf_percent$$00000017  c_w.l(_printf_percent_end.o)
    0x0800031c   0x0800031c   0x00000002   Code   RO         5348    .ARM.Collect$$libinit$$00000000  c_w.l(libinit.o)
    0x0800031e   0x0800031e   0x00000004   Code   RO         5349    .ARM.Collect$$libinit$$00000001  c_w.l(libinit2.o)
    0x08000322   0x08000322   0x00000000   Code   RO         5352    .ARM.Collect$$libinit$$00000004  c_w.l(libinit2.o)
    0x08000322   0x08000322   0x00000000   Code   RO         5355    .ARM.Collect$$libinit$$0000000A  c_w.l(libinit2.o)
    0x08000322   0x08000322   0x00000000   Code   RO         5357    .ARM.Collect$$libinit$$0000000C  c_w.l(libinit2.o)
    0x08000322   0x08000322   0x00000000   Code   RO         5359    .ARM.Collect$$libinit$$0000000E  c_w.l(libinit2.o)
    0x08000322   0x08000322   0x00000006   Code   RO         5360    .ARM.Collect$$libinit$$0000000F  c_w.l(libinit2.o)
    0x08000328   0x08000328   0x00000000   Code   RO         5362    .ARM.Collect$$libinit$$00000011  c_w.l(libinit2.o)
    0x08000328   0x08000328   0x00000000   Code   RO         5364    .ARM.Collect$$libinit$$00000013  c_w.l(libinit2.o)
    0x08000328   0x08000328   0x00000000   Code   RO         5366    .ARM.Collect$$libinit$$00000015  c_w.l(libinit2.o)
    0x08000328   0x08000328   0x0000000a   Code   RO         5367    .ARM.Collect$$libinit$$00000016  c_w.l(libinit2.o)
    0x08000332   0x08000332   0x00000000   Code   RO         5368    .ARM.Collect$$libinit$$00000017  c_w.l(libinit2.o)
    0x08000332   0x08000332   0x00000000   Code   RO         5370    .ARM.Collect$$libinit$$00000019  c_w.l(libinit2.o)
    0x08000332   0x08000332   0x00000000   Code   RO         5372    .ARM.Collect$$libinit$$0000001B  c_w.l(libinit2.o)
    0x08000332   0x08000332   0x00000000   Code   RO         5374    .ARM.Collect$$libinit$$0000001D  c_w.l(libinit2.o)
    0x08000332   0x08000332   0x00000000   Code   RO         5376    .ARM.Collect$$libinit$$0000001F  c_w.l(libinit2.o)
    0x08000332   0x08000332   0x00000000   Code   RO         5378    .ARM.Collect$$libinit$$00000021  c_w.l(libinit2.o)
    0x08000332   0x08000332   0x00000000   Code   RO         5380    .ARM.Collect$$libinit$$00000023  c_w.l(libinit2.o)
    0x08000332   0x08000332   0x00000000   Code   RO         5382    .ARM.Collect$$libinit$$00000025  c_w.l(libinit2.o)
    0x08000332   0x08000332   0x00000000   Code   RO         5386    .ARM.Collect$$libinit$$0000002C  c_w.l(libinit2.o)
    0x08000332   0x08000332   0x00000000   Code   RO         5388    .ARM.Collect$$libinit$$0000002E  c_w.l(libinit2.o)
    0x08000332   0x08000332   0x00000000   Code   RO         5390    .ARM.Collect$$libinit$$00000030  c_w.l(libinit2.o)
    0x08000332   0x08000332   0x00000000   Code   RO         5392    .ARM.Collect$$libinit$$00000032  c_w.l(libinit2.o)
    0x08000332   0x08000332   0x00000002   Code   RO         5393    .ARM.Collect$$libinit$$00000033  c_w.l(libinit2.o)
    0x08000334   0x08000334   0x00000002   Code   RO         5435    .ARM.Collect$$libshutdown$$00000000  c_w.l(libshutdown.o)
    0x08000336   0x08000336   0x00000000   Code   RO         5456    .ARM.Collect$$libshutdown$$00000002  c_w.l(libshutdown2.o)
    0x08000336   0x08000336   0x00000000   Code   RO         5458    .ARM.Collect$$libshutdown$$00000004  c_w.l(libshutdown2.o)
    0x08000336   0x08000336   0x00000000   Code   RO         5461    .ARM.Collect$$libshutdown$$00000007  c_w.l(libshutdown2.o)
    0x08000336   0x08000336   0x00000000   Code   RO         5464    .ARM.Collect$$libshutdown$$0000000A  c_w.l(libshutdown2.o)
    0x08000336   0x08000336   0x00000000   Code   RO         5466    .ARM.Collect$$libshutdown$$0000000C  c_w.l(libshutdown2.o)
    0x08000336   0x08000336   0x00000000   Code   RO         5469    .ARM.Collect$$libshutdown$$0000000F  c_w.l(libshutdown2.o)
    0x08000336   0x08000336   0x00000002   Code   RO         5470    .ARM.Collect$$libshutdown$$00000010  c_w.l(libshutdown2.o)
    0x08000338   0x08000338   0x00000000   Code   RO         5227    .ARM.Collect$$rtentry$$00000000  c_w.l(__rtentry.o)
    0x08000338   0x08000338   0x00000000   Code   RO         5260    .ARM.Collect$$rtentry$$00000002  c_w.l(__rtentry2.o)
    0x08000338   0x08000338   0x00000006   Code   RO         5272    .ARM.Collect$$rtentry$$00000004  c_w.l(__rtentry4.o)
    0x0800033e   0x0800033e   0x00000000   Code   RO         5262    .ARM.Collect$$rtentry$$00000009  c_w.l(__rtentry2.o)
    0x0800033e   0x0800033e   0x00000004   Code   RO         5263    .ARM.Collect$$rtentry$$0000000A  c_w.l(__rtentry2.o)
    0x08000342   0x08000342   0x00000000   Code   RO         5265    .ARM.Collect$$rtentry$$0000000C  c_w.l(__rtentry2.o)
    0x08000342   0x08000342   0x00000008   Code   RO         5266    .ARM.Collect$$rtentry$$0000000D  c_w.l(__rtentry2.o)
    0x0800034a   0x0800034a   0x00000002   Code   RO         5394    .ARM.Collect$$rtexit$$00000000  c_w.l(rtexit.o)
    0x0800034c   0x0800034c   0x00000000   Code   RO         5407    .ARM.Collect$$rtexit$$00000002  c_w.l(rtexit2.o)
    0x0800034c   0x0800034c   0x00000004   Code   RO         5408    .ARM.Collect$$rtexit$$00000003  c_w.l(rtexit2.o)
    0x08000350   0x08000350   0x00000006   Code   RO         5409    .ARM.Collect$$rtexit$$00000004  c_w.l(rtexit2.o)
    0x08000356   0x08000356   0x00000002   PAD
    0x08000358   0x08000358   0x00000040   Code   RO            4    .text               startup_stm32h743xx.o
    0x08000398   0x08000398   0x000000ee   Code   RO         5172    .text               c_w.l(lludivv7m.o)
    0x08000486   0x08000486   0x00000002   PAD
    0x08000488   0x08000488   0x00000018   Code   RO         5176    .text               c_w.l(noretval__2printf.o)
    0x080004a0   0x080004a0   0x00000078   Code   RO         5180    .text               c_w.l(_printf_dec.o)
    0x08000518   0x08000518   0x00000138   Code   RO         5194    .text               c_w.l(__printf_flags_wp.o)
    0x08000650   0x08000650   0x0000004e   Code   RO         5205    .text               c_w.l(rt_memclr_w.o)
    0x0800069e   0x0800069e   0x00000006   Code   RO         5207    .text               c_w.l(heapauxi.o)
    0x080006a4   0x080006a4   0x00000016   Code   RO         5232    .text               c_w.l(_rserrno.o)
    0x080006ba   0x080006ba   0x000000b2   Code   RO         5234    .text               c_w.l(_printf_intcommon.o)
    0x0800076c   0x0800076c   0x0000041e   Code   RO         5236    .text               c_w.l(_printf_fp_dec.o)
    0x08000b8a   0x08000b8a   0x00000002   PAD
    0x08000b8c   0x08000b8c   0x00000024   Code   RO         5238    .text               c_w.l(_printf_char_file.o)
    0x08000bb0   0x08000bb0   0x00000008   Code   RO         5279    .text               c_w.l(rt_locale_intlibspace.o)
    0x08000bb8   0x08000bb8   0x00000008   Code   RO         5284    .text               c_w.l(rt_errno_addr_intlibspace.o)
    0x08000bc0   0x08000bc0   0x0000008a   Code   RO         5286    .text               c_w.l(lludiv10.o)
    0x08000c4a   0x08000c4a   0x00000002   PAD
    0x08000c4c   0x08000c4c   0x00000030   Code   RO         5288    .text               c_w.l(_printf_char_common.o)
    0x08000c7c   0x08000c7c   0x00000080   Code   RO         5290    .text               c_w.l(_printf_fp_infnan.o)
    0x08000cfc   0x08000cfc   0x000000e4   Code   RO         5292    .text               c_w.l(bigflt0.o)
    0x08000de0   0x08000de0   0x00000008   Code   RO         5317    .text               c_w.l(ferror.o)
    0x08000de8   0x08000de8   0x00000008   Code   RO         5328    .text               c_w.l(libspace.o)
    0x08000df0   0x08000df0   0x0000004a   Code   RO         5331    .text               c_w.l(sys_stackheap_outer.o)
    0x08000e3a   0x08000e3a   0x00000012   Code   RO         5335    .text               c_w.l(exit.o)
    0x08000e4c   0x08000e4c   0x00000068   Code   RO         5341    .text               c_w.l(strcmpv7m_pel.o)
    0x08000eb4   0x08000eb4   0x0000003e   Code   RO         5295    CL$$btod_d2e        c_w.l(btod.o)
    0x08000ef2   0x08000ef2   0x00000046   Code   RO         5297    CL$$btod_d2e_denorm_low  c_w.l(btod.o)
    0x08000f38   0x08000f38   0x00000060   Code   RO         5296    CL$$btod_d2e_norm_op1  c_w.l(btod.o)
    0x08000f98   0x08000f98   0x00000338   Code   RO         5305    CL$$btod_div_common  c_w.l(btod.o)
    0x080012d0   0x080012d0   0x000000dc   Code   RO         5302    CL$$btod_e2e        c_w.l(btod.o)
    0x080013ac   0x080013ac   0x0000002a   Code   RO         5299    CL$$btod_ediv       c_w.l(btod.o)
    0x080013d6   0x080013d6   0x0000002a   Code   RO         5298    CL$$btod_emul       c_w.l(btod.o)
    0x08001400   0x08001400   0x00000244   Code   RO         5304    CL$$btod_mult_common  c_w.l(btod.o)
    0x08001644   0x08001644   0x00000010   Code   RO         5074    i.ADC3_IRQHandler   adc.o
    0x08001654   0x08001654   0x00000168   Code   RO          506    i.ADC_ConfigureBoostMode  stm32h7xx_hal_adc.o
    0x080017bc   0x080017bc   0x00000092   Code   RO          508    i.ADC_DMAConvCplt   stm32h7xx_hal_adc.o
    0x0800184e   0x0800184e   0x0000001e   Code   RO          509    i.ADC_DMAError      stm32h7xx_hal_adc.o
    0x0800186c   0x0800186c   0x0000000e   Code   RO          510    i.ADC_DMAHalfConvCplt  stm32h7xx_hal_adc.o
    0x0800187a   0x0800187a   0x00000002   PAD
    0x0800187c   0x0800187c   0x00000088   Code   RO          511    i.ADC_Disable       stm32h7xx_hal_adc.o
    0x08001904   0x08001904   0x000000c0   Code   RO          512    i.ADC_Enable        stm32h7xx_hal_adc.o
    0x080019c4   0x080019c4   0x00000004   Code   RO         4051    i.BusFault_Handler  stm32h7xx_it.o
    0x080019c8   0x080019c8   0x00000010   Code   RO         5130    i.DMA2_Stream0_IRQHandler  dma.o
    0x080019d8   0x080019d8   0x000000ec   Code   RO         1163    i.DMA_CalcBaseAndBitshift  stm32h7xx_hal_dma.o
    0x08001ac4   0x08001ac4   0x000000c4   Code   RO         1164    i.DMA_CalcDMAMUXChannelBaseAndMask  stm32h7xx_hal_dma.o
    0x08001b88   0x08001b88   0x00000098   Code   RO         1165    i.DMA_CalcDMAMUXRequestGenBaseAndMask  stm32h7xx_hal_dma.o
    0x08001c20   0x08001c20   0x000000ae   Code   RO         1166    i.DMA_CheckFifoParam  stm32h7xx_hal_dma.o
    0x08001cce   0x08001cce   0x00000002   PAD
    0x08001cd0   0x08001cd0   0x00000180   Code   RO         1167    i.DMA_SetConfig     stm32h7xx_hal_dma.o
    0x08001e50   0x08001e50   0x00000002   Code   RO         4052    i.DebugMon_Handler  stm32h7xx_it.o
    0x08001e52   0x08001e52   0x0000000a   Code   RO         4233    i.EXTI0_IRQHandler  key_bsp.o
    0x08001e5c   0x08001e5c   0x0000000c   Code   RO         4234    i.EXTI15_10_IRQHandler  key_bsp.o
    0x08001e68   0x08001e68   0x0000000a   Code   RO         4235    i.EXTI2_IRQHandler  key_bsp.o
    0x08001e72   0x08001e72   0x0000000a   Code   RO         4236    i.EXTI3_IRQHandler  key_bsp.o
    0x08001e7c   0x08001e7c   0x000000b8   Code   RO          768    i.HAL_ADCEx_Calibration_Start  stm32h7xx_hal_adc_ex.o
    0x08001f34   0x08001f34   0x00000002   Code   RO          772    i.HAL_ADCEx_EndOfSamplingCallback  stm32h7xx_hal_adc_ex.o
    0x08001f36   0x08001f36   0x00000002   Code   RO          775    i.HAL_ADCEx_InjectedConvCpltCallback  stm32h7xx_hal_adc_ex.o
    0x08001f38   0x08001f38   0x00000002   Code   RO          778    i.HAL_ADCEx_InjectedQueueOverflowCallback  stm32h7xx_hal_adc_ex.o
    0x08001f3a   0x08001f3a   0x00000002   Code   RO          783    i.HAL_ADCEx_LevelOutOfWindow2Callback  stm32h7xx_hal_adc_ex.o
    0x08001f3c   0x08001f3c   0x00000002   Code   RO          784    i.HAL_ADCEx_LevelOutOfWindow3Callback  stm32h7xx_hal_adc_ex.o
    0x08001f3e   0x08001f3e   0x00000002   PAD
    0x08001f40   0x08001f40   0x0000053c   Code   RO          514    i.HAL_ADC_ConfigChannel  stm32h7xx_hal_adc.o
    0x0800247c   0x0800247c   0x00000024   Code   RO         5075    i.HAL_ADC_ConvCpltCallback  adc.o
    0x080024a0   0x080024a0   0x00000002   Code   RO          516    i.HAL_ADC_ConvHalfCpltCallback  stm32h7xx_hal_adc.o
    0x080024a2   0x080024a2   0x00000002   Code   RO          518    i.HAL_ADC_ErrorCallback  stm32h7xx_hal_adc.o
    0x080024a4   0x080024a4   0x00000358   Code   RO          522    i.HAL_ADC_IRQHandler  stm32h7xx_hal_adc.o
    0x080027fc   0x080027fc   0x0000028c   Code   RO          523    i.HAL_ADC_Init      stm32h7xx_hal_adc.o
    0x08002a88   0x08002a88   0x00000002   Code   RO          524    i.HAL_ADC_LevelOutOfWindowCallback  stm32h7xx_hal_adc.o
    0x08002a8a   0x08002a8a   0x00000002   Code   RO          526    i.HAL_ADC_MspInit   stm32h7xx_hal_adc.o
    0x08002a8c   0x08002a8c   0x00000124   Code   RO          530    i.HAL_ADC_Start_DMA  stm32h7xx_hal_adc.o
    0x08002bb0   0x08002bb0   0x000002a0   Code   RO         1169    i.HAL_DMA_Abort_IT  stm32h7xx_hal_dma.o
    0x08002e50   0x08002e50   0x00000af8   Code   RO         1173    i.HAL_DMA_IRQHandler  stm32h7xx_hal_dma.o
    0x08003948   0x08003948   0x0000037c   Code   RO         1174    i.HAL_DMA_Init      stm32h7xx_hal_dma.o
    0x08003cc4   0x08003cc4   0x000002ec   Code   RO         1178    i.HAL_DMA_Start_IT  stm32h7xx_hal_dma.o
    0x08003fb0   0x08003fb0   0x00000034   Code   RO         4237    i.HAL_GPIO_EXTI_Callback  key_bsp.o
    0x08003fe4   0x08003fe4   0x0000001c   Code   RO         1424    i.HAL_GPIO_EXTI_IRQHandler  stm32h7xx_hal_gpio.o
    0x08004000   0x08004000   0x00000208   Code   RO         1425    i.HAL_GPIO_Init     stm32h7xx_hal_gpio.o
    0x08004208   0x08004208   0x00000010   Code   RO         1427    i.HAL_GPIO_ReadPin  stm32h7xx_hal_gpio.o
    0x08004218   0x08004218   0x0000000c   Code   RO         1429    i.HAL_GPIO_WritePin  stm32h7xx_hal_gpio.o
    0x08004224   0x08004224   0x0000000c   Code   RO          188    i.HAL_GetREVID      stm32h7xx_hal.o
    0x08004230   0x08004230   0x0000000c   Code   RO          189    i.HAL_GetTick       stm32h7xx_hal.o
    0x0800423c   0x0800423c   0x00000060   Code   RO          196    i.HAL_Init          stm32h7xx_hal.o
    0x0800429c   0x0800429c   0x00000058   Code   RO          197    i.HAL_InitTick      stm32h7xx_hal.o
    0x080042f4   0x080042f4   0x00000002   Code   RO          199    i.HAL_MspInit       stm32h7xx_hal.o
    0x080042f6   0x080042f6   0x00000020   Code   RO         1023    i.HAL_NVIC_EnableIRQ  stm32h7xx_hal_cortex.o
    0x08004316   0x08004316   0x0000007a   Code   RO         1029    i.HAL_NVIC_SetPriority  stm32h7xx_hal_cortex.o
    0x08004390   0x08004390   0x00000028   Code   RO         1030    i.HAL_NVIC_SetPriorityGrouping  stm32h7xx_hal_cortex.o
    0x080043b8   0x080043b8   0x00000060   Code   RO         1613    i.HAL_PWREx_ConfigSupply  stm32h7xx_hal_pwr_ex.o
    0x08004418   0x08004418   0x00000030   Code   RO         1980    i.HAL_RCCEx_GetD1SysClockFreq  stm32h7xx_hal_rcc_ex.o
    0x08004448   0x08004448   0x00000024   Code   RO         1981    i.HAL_RCCEx_GetD3PCLK1Freq  stm32h7xx_hal_rcc_ex.o
    0x0800446c   0x0800446c   0x00000230   Code   RO         1982    i.HAL_RCCEx_GetPLL1ClockFreq  stm32h7xx_hal_rcc_ex.o
    0x0800469c   0x0800469c   0x00000230   Code   RO         1983    i.HAL_RCCEx_GetPLL2ClockFreq  stm32h7xx_hal_rcc_ex.o
    0x080048cc   0x080048cc   0x00000230   Code   RO         1984    i.HAL_RCCEx_GetPLL3ClockFreq  stm32h7xx_hal_rcc_ex.o
    0x08004afc   0x08004afc   0x0000032c   Code   RO         1986    i.HAL_RCCEx_GetPeriphCLKFreq  stm32h7xx_hal_rcc_ex.o
    0x08004e28   0x08004e28   0x00000300   Code   RO         1867    i.HAL_RCC_ClockConfig  stm32h7xx_hal_rcc.o
    0x08005128   0x08005128   0x00000030   Code   RO         1872    i.HAL_RCC_GetHCLKFreq  stm32h7xx_hal_rcc.o
    0x08005158   0x08005158   0x00000024   Code   RO         1874    i.HAL_RCC_GetPCLK1Freq  stm32h7xx_hal_rcc.o
    0x0800517c   0x0800517c   0x00000024   Code   RO         1875    i.HAL_RCC_GetPCLK2Freq  stm32h7xx_hal_rcc.o
    0x080051a0   0x080051a0   0x0000022c   Code   RO         1876    i.HAL_RCC_GetSysClockFreq  stm32h7xx_hal_rcc.o
    0x080053cc   0x080053cc   0x00000748   Code   RO         1879    i.HAL_RCC_OscConfig  stm32h7xx_hal_rcc.o
    0x08005b14   0x08005b14   0x00000028   Code   RO         1032    i.HAL_SYSTICK_CLKSourceConfig  stm32h7xx_hal_cortex.o
    0x08005b3c   0x08005b3c   0x00000002   Code   RO         1033    i.HAL_SYSTICK_Callback  stm32h7xx_hal_cortex.o
    0x08005b3e   0x08005b3e   0x00000034   Code   RO         1034    i.HAL_SYSTICK_Config  stm32h7xx_hal_cortex.o
    0x08005b72   0x08005b72   0x00000008   Code   RO         1035    i.HAL_SYSTICK_IRQHandler  stm32h7xx_hal_cortex.o
    0x08005b7a   0x08005b7a   0x00000002   Code   RO         2844    i.HAL_TIMEx_Break2Callback  stm32h7xx_hal_tim_ex.o
    0x08005b7c   0x08005b7c   0x00000002   Code   RO         2845    i.HAL_TIMEx_BreakCallback  stm32h7xx_hal_tim_ex.o
    0x08005b7e   0x08005b7e   0x00000002   Code   RO         2846    i.HAL_TIMEx_CommutCallback  stm32h7xx_hal_tim_ex.o
    0x08005b80   0x08005b80   0x0000008c   Code   RO         2850    i.HAL_TIMEx_ConfigCommutEvent  stm32h7xx_hal_tim_ex.o
    0x08005c0c   0x08005c0c   0x00000034   Code   RO         2136    i.HAL_TIM_Base_Init  stm32h7xx_hal_tim.o
    0x08005c40   0x08005c40   0x00000002   Code   RO         2138    i.HAL_TIM_Base_MspInit  stm32h7xx_hal_tim.o
    0x08005c42   0x08005c42   0x00000002   PAD
    0x08005c44   0x08005c44   0x00000038   Code   RO         2141    i.HAL_TIM_Base_Start_IT  stm32h7xx_hal_tim.o
    0x08005c7c   0x08005c7c   0x00000038   Code   RO         2144    i.HAL_TIM_Base_Stop_IT  stm32h7xx_hal_tim.o
    0x08005cb4   0x08005cb4   0x000000b0   Code   RO         2156    i.HAL_TIM_Encoder_Init  stm32h7xx_hal_tim.o
    0x08005d64   0x08005d64   0x00000002   Code   RO         2158    i.HAL_TIM_Encoder_MspInit  stm32h7xx_hal_tim.o
    0x08005d66   0x08005d66   0x0000004e   Code   RO         2159    i.HAL_TIM_Encoder_Start  stm32h7xx_hal_tim.o
    0x08005db4   0x08005db4   0x00000068   Code   RO         2162    i.HAL_TIM_Encoder_Stop  stm32h7xx_hal_tim.o
    0x08005e1c   0x08005e1c   0x00000036   Code   RO         2166    i.HAL_TIM_GenerateEvent  stm32h7xx_hal_tim.o
    0x08005e52   0x08005e52   0x00000002   Code   RO         2167    i.HAL_TIM_IC_CaptureCallback  stm32h7xx_hal_tim.o
    0x08005e54   0x08005e54   0x000001b8   Code   RO         2181    i.HAL_TIM_IRQHandler  stm32h7xx_hal_tim.o
    0x0800600c   0x0800600c   0x00000002   Code   RO         2184    i.HAL_TIM_OC_DelayElapsedCallback  stm32h7xx_hal_tim.o
    0x0800600e   0x0800600e   0x00000174   Code   RO         2205    i.HAL_TIM_PWM_ConfigChannel  stm32h7xx_hal_tim.o
    0x08006182   0x08006182   0x00000034   Code   RO         2208    i.HAL_TIM_PWM_Init  stm32h7xx_hal_tim.o
    0x080061b6   0x080061b6   0x00000002   Code   RO         2210    i.HAL_TIM_PWM_MspInit  stm32h7xx_hal_tim.o
    0x080061b8   0x080061b8   0x00000002   Code   RO         2211    i.HAL_TIM_PWM_PulseFinishedCallback  stm32h7xx_hal_tim.o
    0x080061ba   0x080061ba   0x00000002   PAD
    0x080061bc   0x080061bc   0x00000088   Code   RO         2213    i.HAL_TIM_PWM_Start  stm32h7xx_hal_tim.o
    0x08006244   0x08006244   0x000000ac   Code   RO         2216    i.HAL_TIM_PWM_Stop  stm32h7xx_hal_tim.o
    0x080062f0   0x080062f0   0x0000003c   Code   RO         4853    i.HAL_TIM_PeriodElapsedCallback  pmsm_sys_tim_callback.o
    0x0800632c   0x0800632c   0x00000002   Code   RO         2224    i.HAL_TIM_TriggerCallback  stm32h7xx_hal_tim.o
    0x0800632e   0x0800632e   0x00000002   Code   RO         3524    i.HAL_UARTEx_RxFifoFullCallback  stm32h7xx_hal_uart_ex.o
    0x08006330   0x08006330   0x00000002   Code   RO         3528    i.HAL_UARTEx_TxFifoEmptyCallback  stm32h7xx_hal_uart_ex.o
    0x08006332   0x08006332   0x00000002   Code   RO         3529    i.HAL_UARTEx_WakeupCallback  stm32h7xx_hal_uart_ex.o
    0x08006334   0x08006334   0x00000002   Code   RO         3143    i.HAL_UART_ErrorCallback  stm32h7xx_hal_uart.o
    0x08006336   0x08006336   0x00000002   PAD
    0x08006338   0x08006338   0x0000020c   Code   RO         3146    i.HAL_UART_IRQHandler  stm32h7xx_hal_uart.o
    0x08006544   0x08006544   0x00000078   Code   RO         3147    i.HAL_UART_Init     stm32h7xx_hal_uart.o
    0x080065bc   0x080065bc   0x00000098   Code   RO         4312    i.HAL_UART_MspInit  usart_bsp.o
    0x08006654   0x08006654   0x000000d4   Code   RO         3156    i.HAL_UART_Transmit  stm32h7xx_hal_uart.o
    0x08006728   0x08006728   0x00000002   Code   RO         3159    i.HAL_UART_TxCpltCallback  stm32h7xx_hal_uart.o
    0x0800672a   0x0800672a   0x00000004   Code   RO         4053    i.HardFault_Handler  stm32h7xx_it.o
    0x0800672e   0x0800672e   0x00000002   PAD
    0x08006730   0x08006730   0x00000058   Code   RO         4238    i.KEY_BSP_Init      key_bsp.o
    0x08006788   0x08006788   0x00000070   Code   RO         4288    i.LED_BSP_Init      led_bsp.o
    0x080067f8   0x080067f8   0x00000010   Code   RO          535    i.LL_ADC_Enable     stm32h7xx_hal_adc.o
    0x08006808   0x08006808   0x0000000a   Code   RO          536    i.LL_ADC_GetMultiDMATransfer  stm32h7xx_hal_adc.o
    0x08006812   0x08006812   0x0000000a   Code   RO          537    i.LL_ADC_GetMultimode  stm32h7xx_hal_adc.o
    0x0800681c   0x0800681c   0x0000000a   Code   RO          538    i.LL_ADC_INJ_IsConversionOngoing  stm32h7xx_hal_adc.o
    0x08006826   0x08006826   0x0000000a   Code   RO          539    i.LL_ADC_IsDisableOngoing  stm32h7xx_hal_adc.o
    0x08006830   0x08006830   0x0000000a   Code   RO          540    i.LL_ADC_IsEnabled  stm32h7xx_hal_adc.o
    0x0800683a   0x0800683a   0x0000000a   Code   RO          541    i.LL_ADC_IsInternalRegulatorEnabled  stm32h7xx_hal_adc.o
    0x08006844   0x08006844   0x0000000a   Code   RO          542    i.LL_ADC_REG_IsConversionOngoing  stm32h7xx_hal_adc.o
    0x0800684e   0x0800684e   0x00000012   Code   RO          543    i.LL_ADC_REG_IsTriggerSourceSWStart  stm32h7xx_hal_adc.o
    0x08006860   0x08006860   0x00000010   Code   RO          544    i.LL_ADC_REG_StartConversion  stm32h7xx_hal_adc.o
    0x08006870   0x08006870   0x00000028   Code   RO          546    i.LL_ADC_SetChannelSamplingTime  stm32h7xx_hal_adc.o
    0x08006898   0x08006898   0x0000000c   Code   RO          547    i.LL_ADC_SetCommonPathInternalCh  stm32h7xx_hal_adc.o
    0x080068a4   0x080068a4   0x00000004   Code   RO         4054    i.MemManage_Handler  stm32h7xx_it.o
    0x080068a8   0x080068a8   0x00000002   Code   RO         4055    i.NMI_Handler       stm32h7xx_it.o
    0x080068aa   0x080068aa   0x00000002   Code   RO         4056    i.PendSV_Handler    stm32h7xx_it.o
    0x080068ac   0x080068ac   0x00000002   Code   RO         4057    i.SVC_Handler       stm32h7xx_it.o
    0x080068ae   0x080068ae   0x00000008   Code   RO         4058    i.SysTick_Handler   stm32h7xx_it.o
    0x080068b6   0x080068b6   0x00000002   PAD
    0x080068b8   0x080068b8   0x000000d4   Code   RO         3986    i.SystemClock_Config  main.o
    0x0800698c   0x0800698c   0x000000a8   Code   RO           14    i.SystemInit        system_stm32h7xx.o
    0x08006a34   0x08006a34   0x00000010   Code   RO         4878    i.TIM1_UP_IRQHandler  pwm.o
    0x08006a44   0x08006a44   0x00000010   Code   RO         5009    i.TIM4_IRQHandler   encoder.o
    0x08006a54   0x08006a54   0x00000010   Code   RO         4591    i.TIM6_DAC_IRQHandler  pmsm_sys_ctrl.o
    0x08006a64   0x08006a64   0x000000cc   Code   RO         2226    i.TIM_Base_SetConfig  stm32h7xx_hal_tim.o
    0x08006b30   0x08006b30   0x00000022   Code   RO         2227    i.TIM_CCxChannelCmd  stm32h7xx_hal_tim.o
    0x08006b52   0x08006b52   0x00000002   PAD
    0x08006b54   0x08006b54   0x000000ac   Code   RO         2239    i.TIM_OC1_SetConfig  stm32h7xx_hal_tim.o
    0x08006c00   0x08006c00   0x000000b4   Code   RO         2240    i.TIM_OC2_SetConfig  stm32h7xx_hal_tim.o
    0x08006cb4   0x08006cb4   0x000000b0   Code   RO         2241    i.TIM_OC3_SetConfig  stm32h7xx_hal_tim.o
    0x08006d64   0x08006d64   0x00000070   Code   RO         2242    i.TIM_OC4_SetConfig  stm32h7xx_hal_tim.o
    0x08006dd4   0x08006dd4   0x0000006c   Code   RO         2243    i.TIM_OC5_SetConfig  stm32h7xx_hal_tim.o
    0x08006e40   0x08006e40   0x0000006c   Code   RO         2244    i.TIM_OC6_SetConfig  stm32h7xx_hal_tim.o
    0x08006eac   0x08006eac   0x0000007c   Code   RO         4313    i.UART3_BSP_Init    usart_bsp.o
    0x08006f28   0x08006f28   0x000000f8   Code   RO         3161    i.UART_AdvFeatureConfig  stm32h7xx_hal_uart.o
    0x08007020   0x08007020   0x00000074   Code   RO         3162    i.UART_CheckIdleState  stm32h7xx_hal_uart.o
    0x08007094   0x08007094   0x00000018   Code   RO         3163    i.UART_DMAAbortOnError  stm32h7xx_hal_uart.o
    0x080070ac   0x080070ac   0x00000028   Code   RO         3173    i.UART_EndRxTransfer  stm32h7xx_hal_uart.o
    0x080070d4   0x080070d4   0x00000022   Code   RO         3174    i.UART_EndTransmit_IT  stm32h7xx_hal_uart.o
    0x080070f6   0x080070f6   0x00000002   PAD
    0x080070f8   0x080070f8   0x000016f0   Code   RO         3180    i.UART_SetConfig    stm32h7xx_hal_uart.o
    0x080087e8   0x080087e8   0x000000be   Code   RO         3185    i.UART_WaitOnFlagUntilTimeout  stm32h7xx_hal_uart.o
    0x080088a6   0x080088a6   0x00000002   PAD
    0x080088a8   0x080088a8   0x00000024   Code   RO         4314    i.USART3_IRQHandler  usart_bsp.o
    0x080088cc   0x080088cc   0x00000004   Code   RO         4059    i.UsageFault_Handler  stm32h7xx_it.o
    0x080088d0   0x080088d0   0x00000030   Code   RO         5326    i.__ARM_fpclassify  m_wv.l(fpclassify.o)
    0x08008900   0x08008900   0x00000010   Code   RO         1036    i.__NVIC_GetPriorityGrouping  stm32h7xx_hal_cortex.o
    0x08008910   0x08008910   0x00000028   Code   RO         1037    i.__NVIC_SetPriority  stm32h7xx_hal_cortex.o
    0x08008938   0x08008938   0x0000023c   Code   RO         5213    i.__hardfp_log      m_wv.l(log.o)
    0x08008b74   0x08008b74   0x00000070   Code   RO         5256    i.__kernel_poly     m_wv.l(poly.o)
    0x08008be4   0x08008be4   0x00000004   PAD
    0x08008be8   0x08008be8   0x00000020   Code   RO         5242    i.__mathlib_dbl_divzero  m_wv.l(dunder.o)
    0x08008c08   0x08008c08   0x00000006   Code   RO         5243    i.__mathlib_dbl_infnan  m_wv.l(dunder.o)
    0x08008c0e   0x08008c0e   0x00000002   PAD
    0x08008c10   0x08008c10   0x00000018   Code   RO         5245    i.__mathlib_dbl_invalid  m_wv.l(dunder.o)
    0x08008c28   0x08008c28   0x0000000e   Code   RO         5192    i._is_digit         c_w.l(__printf_wp.o)
    0x08008c36   0x08008c36   0x00000004   Code   RO         4317    i._sys_exit         usart_bsp.o
    0x08008c3a   0x08008c3a   0x00000002   PAD
    0x08008c3c   0x08008c3c   0x00000024   Code   RO         4190    i.delay_init        core_delay.o
    0x08008c60   0x08008c60   0x00000032   Code   RO         4191    i.delay_ms          core_delay.o
    0x08008c92   0x08008c92   0x00000002   PAD
    0x08008c94   0x08008c94   0x00000048   Code   RO         4192    i.delay_us          core_delay.o
    0x08008cdc   0x08008cdc   0x000000e0   Code   RO         4468    i.emfzero_analysis  emf_zerodetect.o
    0x08008dbc   0x08008dbc   0x00000110   Code   RO         4469    i.emfzero_detect    emf_zerodetect.o
    0x08008ecc   0x08008ecc   0x0000001c   Code   RO         4319    i.fputc             usart_bsp.o
    0x08008ee8   0x08008ee8   0x000005ac   Code   RO         3987    i.main              main.o
    0x08009494   0x08009494   0x00000074   Code   RO         4524    i.pid_inc_controller0_control  pid_ctrl.o
    0x08009508   0x08009508   0x00000054   Code   RO         4525    i.pid_inc_controller0_init  pid_ctrl.o
    0x0800955c   0x0800955c   0x00000034   Code   RO         4526    i.pid_inc_controller0_para_reset  pid_ctrl.o
    0x08009590   0x08009590   0x00000118   Code   RO         4879    i.pmsm0_accelerate_pwm_set  pwm.o
    0x080096a8   0x080096a8   0x0000000c   Code   RO         4704    i.pmsm0_actutor_dir_set  pmsm_sys_pmsm_drive.o
    0x080096b4   0x080096b4   0x0000000c   Code   RO         4705    i.pmsm0_actutor_disable  pmsm_sys_pmsm_drive.o
    0x080096c0   0x080096c0   0x0000000c   Code   RO         4706    i.pmsm0_actutor_enable  pmsm_sys_pmsm_drive.o
    0x080096cc   0x080096cc   0x0000000c   Code   RO         4707    i.pmsm0_actutor_init  pmsm_sys_pmsm_drive.o
    0x080096d8   0x080096d8   0x00000034   Code   RO         4708    i.pmsm0_actutor_speed_set  pmsm_sys_pmsm_drive.o
    0x0800970c   0x0800970c   0x00000070   Code   RO         5076    i.pmsm0_adc_data_preprocess  adc.o
    0x0800977c   0x0800977c   0x00000100   Code   RO         5077    i.pmsm0_adc_gpio_init  adc.o
    0x0800987c   0x0800987c   0x00000208   Code   RO         5078    i.pmsm0_adc_init    adc.o
    0x08009a84   0x08009a84   0x0000000c   Code   RO         5079    i.pmsm0_analog_init  adc.o
    0x08009a90   0x08009a90   0x000000b8   Code   RO         4771    i.pmsm0_board_temperature_feedback  pmsm_sys_pmsm_feedback.o
    0x08009b48   0x08009b48   0x00000050   Code   RO         4389    i.pmsm0_commutation_uhvl  commutation.o
    0x08009b98   0x08009b98   0x00000050   Code   RO         4390    i.pmsm0_commutation_uhwl  commutation.o
    0x08009be8   0x08009be8   0x00000050   Code   RO         4391    i.pmsm0_commutation_vhul  commutation.o
    0x08009c38   0x08009c38   0x00000050   Code   RO         4392    i.pmsm0_commutation_vhwl  commutation.o
    0x08009c88   0x08009c88   0x00000050   Code   RO         4393    i.pmsm0_commutation_whul  commutation.o
    0x08009cd8   0x08009cd8   0x00000050   Code   RO         4394    i.pmsm0_commutation_whvl  commutation.o
    0x08009d28   0x08009d28   0x0000000c   Code   RO         4880    i.pmsm0_dir_set     pwm.o
    0x08009d34   0x08009d34   0x00000018   Code   RO         5131    i.pmsm0_dma_adc_enable  dma.o
    0x08009d4c   0x08009d4c   0x0000007c   Code   RO         5133    i.pmsm0_dma_init    dma.o
    0x08009dc8   0x08009dc8   0x00000008   Code   RO         4470    i.pmsm0_emf_zerodetect_init  emf_zerodetect.o
    0x08009dd0   0x08009dd0   0x00000030   Code   RO         4471    i.pmsm0_emfedge_detect  emf_zerodetect.o
    0x08009e00   0x08009e00   0x0000006c   Code   RO         4472    i.pmsm0_emfzero_ctrl  emf_zerodetect.o
    0x08009e6c   0x08009e6c   0x0000008c   Code   RO         4473    i.pmsm0_emfzero_detect_top  emf_zerodetect.o
    0x08009ef8   0x08009ef8   0x000000e4   Code   RO         4474    i.pmsm0_emfzero_gpio_init  emf_zerodetect.o
    0x08009fdc   0x08009fdc   0x00000054   Code   RO         5010    i.pmsm0_encoder_disable  encoder.o
    0x0800a030   0x0800a030   0x00000038   Code   RO         5011    i.pmsm0_encoder_elapse_counter  encoder.o
    0x0800a068   0x0800a068   0x00000050   Code   RO         5012    i.pmsm0_encoder_enable  encoder.o
    0x0800a0b8   0x0800a0b8   0x0000008c   Code   RO         5013    i.pmsm0_encoder_gpio_init  encoder.o
    0x0800a144   0x0800a144   0x0000000c   Code   RO         5014    i.pmsm0_encoder_init  encoder.o
    0x0800a150   0x0800a150   0x000000b8   Code   RO         5015    i.pmsm0_encoder_tim_init  encoder.o
    0x0800a208   0x0800a208   0x00000020   Code   RO         5016    i.pmsm0_encoder_total_counter  encoder.o
    0x0800a228   0x0800a228   0x00000008   Code   RO         4772    i.pmsm0_feedback_always_on_enable  pmsm_sys_pmsm_feedback.o
    0x0800a230   0x0800a230   0x00000008   Code   RO         4773    i.pmsm0_feedback_disable  pmsm_sys_pmsm_feedback.o
    0x0800a238   0x0800a238   0x00000008   Code   RO         4774    i.pmsm0_feedback_enable  pmsm_sys_pmsm_feedback.o
    0x0800a240   0x0800a240   0x00000014   Code   RO         4775    i.pmsm0_feedback_init  pmsm_sys_pmsm_feedback.o
    0x0800a254   0x0800a254   0x00000008   Code   RO         4592    i.pmsm0_loop        pmsm_sys_ctrl.o
    0x0800a25c   0x0800a25c   0x00000010   Code   RO         4593    i.pmsm0_loop_disable  pmsm_sys_ctrl.o
    0x0800a26c   0x0800a26c   0x00000010   Code   RO         4594    i.pmsm0_loop_enable  pmsm_sys_ctrl.o
    0x0800a27c   0x0800a27c   0x00000008   Code   RO         4595    i.pmsm0_loop_init   pmsm_sys_ctrl.o
    0x0800a284   0x0800a284   0x00000064   Code   RO         4596    i.pmsm0_loop_tim_init  pmsm_sys_ctrl.o
    0x0800a2e8   0x0800a2e8   0x00000108   Code   RO         4597    i.pmsm0_para_reset  pmsm_sys_ctrl.o
    0x0800a3f0   0x0800a3f0   0x0000006c   Code   RO         4776    i.pmsm0_phase_current_feedback  pmsm_sys_pmsm_feedback.o
    0x0800a45c   0x0800a45c   0x0000006c   Code   RO         4881    i.pmsm0_pwm_disable  pwm.o
    0x0800a4c8   0x0800a4c8   0x00000028   Code   RO         4882    i.pmsm0_pwm_enable  pwm.o
    0x0800a4f0   0x0800a4f0   0x00000158   Code   RO         4883    i.pmsm0_pwm_gpio_init  pwm.o
    0x0800a648   0x0800a648   0x0000000c   Code   RO         4884    i.pmsm0_pwm_init    pwm.o
    0x0800a654   0x0800a654   0x00000030   Code   RO         4885    i.pmsm0_pwm_set     pwm.o
    0x0800a684   0x0800a684   0x000000c8   Code   RO         4886    i.pmsm0_pwm_tim_init  pwm.o
    0x0800a74c   0x0800a74c   0x000000b4   Code   RO         4777    i.pmsm0_reference_phase_voltage_feedback  pmsm_sys_pmsm_feedback.o
    0x0800a800   0x0800a800   0x00000014   Code   RO         4709    i.pmsm0_sd_disable  pmsm_sys_pmsm_drive.o
    0x0800a814   0x0800a814   0x00000014   Code   RO         4710    i.pmsm0_sd_enable   pmsm_sys_pmsm_drive.o
    0x0800a828   0x0800a828   0x0000004c   Code   RO         4711    i.pmsm0_sd_init     pmsm_sys_pmsm_drive.o
    0x0800a874   0x0800a874   0x00000048   Code   RO         4395    i.pmsm0_sensorless_accelerate_commutation  commutation.o
    0x0800a8bc   0x0800a8bc   0x00000050   Code   RO         4396    i.pmsm0_sensorless_commutation  commutation.o
    0x0800a90c   0x0800a90c   0x00000060   Code   RO         4778    i.pmsm0_speed_calculate  pmsm_sys_pmsm_feedback.o
    0x0800a96c   0x0800a96c   0x00000114   Code   RO         4779    i.pmsm0_speed_feedback  pmsm_sys_pmsm_feedback.o
    0x0800aa80   0x0800aa80   0x000000dc   Code   RO         4600    i.pmsm0_speed_loop  pmsm_sys_ctrl.o
    0x0800ab5c   0x0800ab5c   0x00000008   Code   RO         4602    i.pmsm0_system_always_on_enable  pmsm_sys_ctrl.o
    0x0800ab64   0x0800ab64   0x00000020   Code   RO         4603    i.pmsm0_system_calibration  pmsm_sys_ctrl.o
    0x0800ab84   0x0800ab84   0x00000018   Code   RO         4604    i.pmsm0_system_disable  pmsm_sys_ctrl.o
    0x0800ab9c   0x0800ab9c   0x0000005c   Code   RO         4605    i.pmsm0_system_enable  pmsm_sys_ctrl.o
    0x0800abf8   0x0800abf8   0x00000024   Code   RO         4606    i.pmsm0_system_init  pmsm_sys_ctrl.o
    0x0800ac1c   0x0800ac1c   0x00000020   Code   RO         4780    i.pmsm0_vbus_feedback  pmsm_sys_pmsm_feedback.o
    0x0800ac3c   0x0800ac3c   0x0000007c   Code   RO         4974    i.pmsm0_vvvf_top    vvvf.o
    0x0800acb8   0x0800acb8   0x00000074   Code   RO         4949    i.pmsm_sensorless_top  sensorless_ctrl.o
    0x0800ad2c   0x0800ad2c   0x000000b0   Code   RO         4975    i.vvvf_commutation  vvvf.o
    0x0800addc   0x0800addc   0x00000028   Code   RO         4976    i.vvvf_start        vvvf.o
    0x0800ae04   0x0800ae04   0x0000002c   Code   RO         5322    locale$$code        c_w.l(lc_numeric_c.o)
    0x0800ae30   0x0800ae30   0x0000000a   Code   RO         5404    x$fpl$fpinit        fz_wv.l(fpinit.o)
    0x0800ae3a   0x0800ae3a   0x00000004   Code   RO         5211    x$fpl$printf1       fz_wv.l(printf1.o)
    0x0800ae3e   0x0800ae3e   0x00000000   Code   RO         5241    x$fpl$usenofp       fz_wv.l(usenofp.o)
    0x0800ae3e   0x0800ae3e   0x00000010   Data   RO           15    .constdata          system_stm32h7xx.o
    0x0800ae4e   0x0800ae4e   0x00000008   Data   RO         1180    .constdata          stm32h7xx_hal_dma.o
    0x0800ae56   0x0800ae56   0x00000011   Data   RO         5195    .constdata          c_w.l(__printf_flags_wp.o)
    0x0800ae67   0x0800ae67   0x00000001   PAD
    0x0800ae68   0x0800ae68   0x00000038   Data   RO         5216    .constdata          m_wv.l(log.o)
    0x0800aea0   0x0800aea0   0x00000008   Data   RO         5258    .constdata          m_wv.l(qnan.o)
    0x0800aea8   0x0800aea8   0x00000094   Data   RO         5293    .constdata          c_w.l(bigflt0.o)
    0x0800af3c   0x0800af3c   0x00000020   Data   RO         5471    Region$$Table       anon$$obj.o
    0x0800af5c   0x0800af5c   0x0000001c   Data   RO         5321    locale$$data        c_w.l(lc_numeric_c.o)


    Execution Region RW_IRAM1 (Exec base: 0x20000000, Load base: 0x0800af78, Size: 0x00000000, Max: 0x00020000, ABSOLUTE)

    **** No section assigned to this execution region ****


    Execution Region RW_IRAM2 (Exec base: 0x24000000, Load base: 0x0800af78, Size: 0x00000c58, Max: 0x00080000, ABSOLUTE)

    Exec Addr    Load Addr    Size         Type   Attr      Idx    E Section Name        Object

    0x24000000   0x0800af78   0x00000008   Data   RW           16    .data               system_stm32h7xx.o
    0x24000008   0x0800af80   0x00000009   Data   RW          218    .data               stm32h7xx_hal.o
    0x24000011   0x0800af89   0x00000003   PAD
    0x24000014   0x0800af8c   0x00000004   Data   RW         3989    .data               main.o
    0x24000018   0x0800af90   0x00000004   Data   RW         4193    .data               core_delay.o
    0x2400001c   0x0800af94   0x00000008   Data   RW         4321    .data               usart_bsp.o
    0x24000024   0x0800af9c   0x00000048   Data   RW         4398    .data               commutation.o
    0x2400006c   0x0800afe4   0x00000001   Data   RW         5081    .data               adc.o
    0x2400006d   0x0800afe5   0x00000003   PAD
    0x24000070        -       0x000003cc   Zero   RW         3988    .bss                main.o
    0x2400043c        -       0x000000f0   Zero   RW         4320    .bss                usart_bsp.o
    0x2400052c        -       0x000000c8   Zero   RW         5080    .bss                adc.o
    0x240005f4        -       0x00000060   Zero   RW         5329    .bss                c_w.l(libspace.o)
    0x24000654   0x0800afe5   0x00000004   PAD
    0x24000658        -       0x00000200   Zero   RW            2    HEAP                startup_stm32h743xx.o
    0x24000858        -       0x00000400   Zero   RW            1    STACK               startup_stm32h743xx.o


==============================================================================

Image component sizes


      Code (inc. data)   RO Data    RW Data    ZI Data      Debug   Object Name

       952         76          0          1        200       4391   adc.o
       632         86          0         72          0       9139   commutation.o
       158         16          0          4          0       2039   core_delay.o
       164         28          0          0          0       2014   dma.o
      1028         46          0          0          0       4855   emf_zerodetect.o
       604         52          0          0          0       4723   encoder.o
       182         24          0          0          0       3644   key_bsp.o
       112         14          0          0          0        955   led_bsp.o
      1664        626          0          4        972       5865   main.o
       252         28          0          0          0       1710   pid_ctrl.o
       840         84          0          0          0       7733   pmsm_sys_ctrl.o
       216         26          0          0          0       4943   pmsm_sys_pmsm_drive.o
       920        124          0          0          0       6137   pmsm_sys_pmsm_feedback.o
        60          4          0          0          0       1040   pmsm_sys_tim_callback.o
      1060        100          0          0          0       5512   pwm.o
       116          4          0          0          0        662   sensorless_ctrl.o
        64         26        664          0       1536        976   startup_stm32h743xx.o
       210         40          0          9          0      22316   stm32h7xx_hal.o
      4198        238          0          0          0      80443   stm32h7xx_hal_adc.o
       194         10          0          0          0      63731   stm32h7xx_hal_adc_ex.o
       352         22          0          0          0      41301   stm32h7xx_hal_cortex.o
      6262        124          8          0          0      11082   stm32h7xx_hal_dma.o
       576         56          0          0          0       3726   stm32h7xx_hal_gpio.o
        96          6          0          0          0        781   stm32h7xx_hal_pwr_ex.o
      3308        102          0          0          0       6656   stm32h7xx_hal_rcc.o
      2576        124          0          0          0       6629   stm32h7xx_hal_rcc_ex.o
      2856        224          0          0          0      19821   stm32h7xx_hal_tim.o
       146          6          0          0          0       3058   stm32h7xx_hal_tim_ex.o
      7384        158          0          0          0      13854   stm32h7xx_hal_uart.o
         6          0          0          0          0       2245   stm32h7xx_hal_uart_ex.o
        32          0          0          0          0       4310   stm32h7xx_it.o
       168         22         16          8          0    1287949   system_stm32h7xx.o
       344         34          0          8        240       5031   usart_bsp.o
       340         14          0          0          0       1633   vvvf.o

    ----------------------------------------------------------------------
     38098       2544        720        112       2948    1640904   Object Totals
         0          0         32          0          0          0   (incl. Generated)
        26          0          0          6          0          0   (incl. Padding)

    ----------------------------------------------------------------------

      Code (inc. data)   RO Data    RW Data    ZI Data      Debug   Library Member Name

         8          0          0          0          0         68   __main.o
       312          4         17          0          0         92   __printf_flags_wp.o
        14          0          0          0          0         68   __printf_wp.o
         0          0          0          0          0          0   __rtentry.o
        12          0          0          0          0          0   __rtentry2.o
         6          0          0          0          0          0   __rtentry4.o
        52          8          0          0          0          0   __scatter.o
        26          0          0          0          0          0   __scatter_copy.o
        28          0          0          0          0          0   __scatter_zi.o
        48          6          0          0          0         96   _printf_char_common.o
        36          4          0          0          0         80   _printf_char_file.o
         6          0          0          0          0          0   _printf_d.o
       120         16          0          0          0         92   _printf_dec.o
         6          0          0          0          0          0   _printf_f.o
      1054          0          0          0          0        216   _printf_fp_dec.o
       128         16          0          0          0         84   _printf_fp_infnan.o
       178          0          0          0          0         88   _printf_intcommon.o
         0          0          0          0          0          0   _printf_percent.o
         4          0          0          0          0          0   _printf_percent_end.o
        22          0          0          0          0        100   _rserrno.o
       228          4        148          0          0         96   bigflt0.o
      1936        128          0          0          0        672   btod.o
        18          0          0          0          0         80   exit.o
         8          0          0          0          0         68   ferror.o
         6          0          0          0          0        152   heapauxi.o
        44         10         28          0          0         76   lc_numeric_c.o
         2          0          0          0          0          0   libinit.o
        22          0          0          0          0          0   libinit2.o
         2          0          0          0          0          0   libshutdown.o
         2          0          0          0          0          0   libshutdown2.o
         8          4          0          0         96         68   libspace.o
       138          0          0          0          0         80   lludiv10.o
       238          0          0          0          0        100   lludivv7m.o
        24          4          0          0          0         84   noretval__2printf.o
         8          4          0          0          0         68   rt_errno_addr_intlibspace.o
         8          4          0          0          0         68   rt_locale_intlibspace.o
        78          0          0          0          0         80   rt_memclr_w.o
         2          0          0          0          0          0   rtexit.o
        10          0          0          0          0          0   rtexit2.o
       104          0          0          0          0         68   strcmpv7m_pel.o
        74          0          0          0          0         80   sys_stackheap_outer.o
        10          0          0          0          0        116   fpinit.o
         4          0          0          0          0        116   printf1.o
         0          0          0          0          0          0   usenofp.o
        62         32          0          0          0        348   dunder.o
        48          0          0          0          0        124   fpclassify.o
       572         92         56          0          0        312   log.o
       112          0          0          0          0        116   poly.o
         0          0          8          0          0          0   qnan.o

    ----------------------------------------------------------------------
      5844        336        258          0        100       3956   Library Totals
        16          0          1          0          4          0   (incl. Padding)

    ----------------------------------------------------------------------

      Code (inc. data)   RO Data    RW Data    ZI Data      Debug   Library Name

      5020        212        193          0         96       2824   c_w.l
        14          0          0          0          0        232   fz_wv.l
       794        124         64          0          0        900   m_wv.l

    ----------------------------------------------------------------------
      5844        336        258          0        100       3956   Library Totals

    ----------------------------------------------------------------------

==============================================================================


      Code (inc. data)   RO Data    RW Data    ZI Data      Debug   

     43942       2880        978        112       3048    1621352   Grand Totals
     43942       2880        978        112       3048    1621352   ELF Image Totals
     43942       2880        978        112          0          0   ROM Totals

==============================================================================

    Total RO  Size (Code + RO Data)                44920 (  43.87kB)
    Total RW  Size (RW Data + ZI Data)              3160 (   3.09kB)
    Total ROM Size (Code + RO Data + RW Data)      45032 (  43.98kB)

==============================================================================

